Archive member included to satisfy reference by file (symbol)

/usr/lib/gcc/arm-none-eabi/10.3.1/../../../arm-none-eabi/lib/thumb/v7e-m/nofp/libc_nano.a(lib_a-atexit.o)
                              /usr/lib/gcc/arm-none-eabi/10.3.1/../../../arm-none-eabi/lib/thumb/v7e-m/nofp/crt0.o (atexit)
/usr/lib/gcc/arm-none-eabi/10.3.1/../../../arm-none-eabi/lib/thumb/v7e-m/nofp/libc_nano.a(lib_a-exit.o)
                              /usr/lib/gcc/arm-none-eabi/10.3.1/../../../arm-none-eabi/lib/thumb/v7e-m/nofp/crt0.o (exit)
/usr/lib/gcc/arm-none-eabi/10.3.1/../../../arm-none-eabi/lib/thumb/v7e-m/nofp/libc_nano.a(lib_a-fini.o)
                              /usr/lib/gcc/arm-none-eabi/10.3.1/../../../arm-none-eabi/lib/thumb/v7e-m/nofp/crt0.o (__libc_fini_array)
/usr/lib/gcc/arm-none-eabi/10.3.1/../../../arm-none-eabi/lib/thumb/v7e-m/nofp/libc_nano.a(lib_a-impure.o)
                              /usr/lib/gcc/arm-none-eabi/10.3.1/../../../arm-none-eabi/lib/thumb/v7e-m/nofp/libc_nano.a(lib_a-exit.o) (_global_impure_ptr)
/usr/lib/gcc/arm-none-eabi/10.3.1/../../../arm-none-eabi/lib/thumb/v7e-m/nofp/libc_nano.a(lib_a-init.o)
                              /usr/lib/gcc/arm-none-eabi/10.3.1/../../../arm-none-eabi/lib/thumb/v7e-m/nofp/crt0.o (__libc_init_array)
/usr/lib/gcc/arm-none-eabi/10.3.1/../../../arm-none-eabi/lib/thumb/v7e-m/nofp/libc_nano.a(lib_a-memset.o)
                              /usr/lib/gcc/arm-none-eabi/10.3.1/../../../arm-none-eabi/lib/thumb/v7e-m/nofp/crt0.o (memset)
/usr/lib/gcc/arm-none-eabi/10.3.1/../../../arm-none-eabi/lib/thumb/v7e-m/nofp/libc_nano.a(lib_a-snprintf.o)
                              build/main.o (snprintf)
/usr/lib/gcc/arm-none-eabi/10.3.1/../../../arm-none-eabi/lib/thumb/v7e-m/nofp/libc_nano.a(lib_a-__atexit.o)
                              /usr/lib/gcc/arm-none-eabi/10.3.1/../../../arm-none-eabi/lib/thumb/v7e-m/nofp/libc_nano.a(lib_a-atexit.o) (__register_exitproc)
/usr/lib/gcc/arm-none-eabi/10.3.1/../../../arm-none-eabi/lib/thumb/v7e-m/nofp/libc_nano.a(lib_a-__call_atexit.o)
                              /usr/lib/gcc/arm-none-eabi/10.3.1/../../../arm-none-eabi/lib/thumb/v7e-m/nofp/libc_nano.a(lib_a-__atexit.o) (__call_exitprocs)
/usr/lib/gcc/arm-none-eabi/10.3.1/../../../arm-none-eabi/lib/thumb/v7e-m/nofp/libc_nano.a(lib_a-nano-svfprintf.o)
                              /usr/lib/gcc/arm-none-eabi/10.3.1/../../../arm-none-eabi/lib/thumb/v7e-m/nofp/libc_nano.a(lib_a-snprintf.o) (_svfprintf_r)
/usr/lib/gcc/arm-none-eabi/10.3.1/../../../arm-none-eabi/lib/thumb/v7e-m/nofp/libc_nano.a(lib_a-nano-vfprintf_i.o)
                              /usr/lib/gcc/arm-none-eabi/10.3.1/../../../arm-none-eabi/lib/thumb/v7e-m/nofp/libc_nano.a(lib_a-nano-svfprintf.o) (_printf_i)
/usr/lib/gcc/arm-none-eabi/10.3.1/../../../arm-none-eabi/lib/thumb/v7e-m/nofp/libc_nano.a(lib_a-memchr.o)
                              /usr/lib/gcc/arm-none-eabi/10.3.1/../../../arm-none-eabi/lib/thumb/v7e-m/nofp/libc_nano.a(lib_a-nano-svfprintf.o) (memchr)
/usr/lib/gcc/arm-none-eabi/10.3.1/../../../arm-none-eabi/lib/thumb/v7e-m/nofp/libc_nano.a(lib_a-memcpy.o)
                              /usr/lib/gcc/arm-none-eabi/10.3.1/../../../arm-none-eabi/lib/thumb/v7e-m/nofp/libc_nano.a(lib_a-nano-svfprintf.o) (memcpy)
/usr/lib/gcc/arm-none-eabi/10.3.1/../../../arm-none-eabi/lib/thumb/v7e-m/nofp/libc_nano.a(lib_a-memmove.o)
                              /usr/lib/gcc/arm-none-eabi/10.3.1/../../../arm-none-eabi/lib/thumb/v7e-m/nofp/libc_nano.a(lib_a-nano-svfprintf.o) (memmove)
/usr/lib/gcc/arm-none-eabi/10.3.1/../../../arm-none-eabi/lib/thumb/v7e-m/nofp/libc_nano.a(lib_a-nano-freer.o)
                              /usr/lib/gcc/arm-none-eabi/10.3.1/../../../arm-none-eabi/lib/thumb/v7e-m/nofp/libc_nano.a(lib_a-nano-svfprintf.o) (_free_r)
/usr/lib/gcc/arm-none-eabi/10.3.1/../../../arm-none-eabi/lib/thumb/v7e-m/nofp/libc_nano.a(lib_a-nano-mallocr.o)
                              /usr/lib/gcc/arm-none-eabi/10.3.1/../../../arm-none-eabi/lib/thumb/v7e-m/nofp/libc_nano.a(lib_a-nano-svfprintf.o) (_malloc_r)
/usr/lib/gcc/arm-none-eabi/10.3.1/../../../arm-none-eabi/lib/thumb/v7e-m/nofp/libc_nano.a(lib_a-nano-reallocr.o)
                              /usr/lib/gcc/arm-none-eabi/10.3.1/../../../arm-none-eabi/lib/thumb/v7e-m/nofp/libc_nano.a(lib_a-nano-svfprintf.o) (_realloc_r)
/usr/lib/gcc/arm-none-eabi/10.3.1/../../../arm-none-eabi/lib/thumb/v7e-m/nofp/libc_nano.a(lib_a-sbrkr.o)
                              /usr/lib/gcc/arm-none-eabi/10.3.1/../../../arm-none-eabi/lib/thumb/v7e-m/nofp/libc_nano.a(lib_a-nano-mallocr.o) (_sbrk_r)
/usr/lib/gcc/arm-none-eabi/10.3.1/../../../arm-none-eabi/lib/thumb/v7e-m/nofp/libc_nano.a(lib_a-mlock.o)
                              /usr/lib/gcc/arm-none-eabi/10.3.1/../../../arm-none-eabi/lib/thumb/v7e-m/nofp/libc_nano.a(lib_a-nano-freer.o) (__malloc_lock)
/usr/lib/gcc/arm-none-eabi/10.3.1/../../../arm-none-eabi/lib/thumb/v7e-m/nofp/libc_nano.a(lib_a-nano-msizer.o)
[...]
Memory Configuration

Name             Origin             Length             Attributes
RAM              0x0000000020000000 0x0000000000010000 xrw
RAM2             0x0000000010000000 0x0000000000004000 xrw
FLASH            0x0000000008000000 0x0000000000020000 xr
*default*        0x0000000000000000 0xffffffffffffffff

Linker script and memory map

LOAD /usr/lib/gcc/arm-none-eabi/10.3.1/thumb/v7e-m/nofp/crti.o
LOAD /usr/lib/gcc/arm-none-eabi/10.3.1/thumb/v7e-m/nofp/crtbegin.o
LOAD /usr/lib/gcc/arm-none-eabi/10.3.1/../../../arm-none-eabi/lib/thumb/v7e-m/nofp/crt0.o
LOAD build/main.o
LOAD build/stm32l4xx_it.o
LOAD build/stm32l4xx_hal_msp.o
LOAD build/system_stm32l4xx.o
LOAD build/stm32l4xx_hal.o
LOAD build/stm32l4xx_hal_can.o
LOAD build/stm32l4xx_hal_cortex.o
LOAD build/stm32l4xx_hal_dma.o
LOAD build/stm32l4xx_hal_dma_ex.o
LOAD build/stm32l4xx_hal_exti.o
LOAD build/stm32l4xx_hal_flash.o
LOAD build/stm32l4xx_hal_flash_ex.o
LOAD build/stm32l4xx_hal_flash_ramfunc.o
LOAD build/stm32l4xx_hal_gpio.o
LOAD build/stm32l4xx_hal_pwr.o
LOAD build/stm32l4xx_hal_pwr_ex.o
LOAD build/stm32l4xx_hal_rcc.o
LOAD build/stm32l4xx_hal_rcc_ex.o
LOAD build/stm32l4xx_hal_tim.o
LOAD build/stm32l4xx_hal_tim_ex.o
LOAD build/stm32l4xx_hal_uart.o
LOAD build/stm32l4xx_hal_uart_ex.o
LOAD build/startup_stm32l431cbtx.o
LOAD /usr/lib/gcc/arm-none-eabi/10.3.1/../../../arm-none-eabi/lib/thumb/v7e-m/nofp/libc_nano.a
LOAD /usr/lib/gcc/arm-none-eabi/10.3.1/../../../arm-none-eabi/lib/thumb/v7e-m/nofp/libm.a
LOAD /usr/lib/gcc/arm-none-eabi/10.3.1/../../../arm-none-eabi/lib/thumb/v7e-m/nofp/libnosys.a
START GROUP
LOAD /usr/lib/gcc/arm-none-eabi/10.3.1/thumb/v7e-m/nofp/libgcc.a
LOAD /usr/lib/gcc/arm-none-eabi/10.3.1/../../../arm-none-eabi/lib/thumb/v7e-m/nofp/libc_nano.a
END GROUP
START GROUP
LOAD /usr/lib/gcc/arm-none-eabi/10.3.1/thumb/v7e-m/nofp/libgcc.a
LOAD /usr/lib/gcc/arm-none-eabi/10.3.1/../../../arm-none-eabi/lib/thumb/v7e-m/nofp/libc_nano.a
END GROUP
LOAD /usr/lib/gcc/arm-none-eabi/10.3.1/thumb/v7e-m/nofp/crtend.o
LOAD /usr/lib/gcc/arm-none-eabi/10.3.1/thumb/v7e-m/nofp/crtn.o
                0x0000000020010000                _estack = (ORIGIN (RAM) + LENGTH (RAM))
                0x0000000000000200                _Min_Heap_Size = 0x200
                0x0000000000000400                _Min_Stack_Size = 0x400

.isr_vector     0x0000000008000000      0x190
                0x0000000008000000                . = ALIGN (0x8)
 *(.isr_vector)
 .isr_vector    0x0000000008000000      0x18c build/startup_stm32l431cbtx.o
                0x0000000008000000                g_pfnVectors
                0x0000000008000190                . = ALIGN (0x8)
 *fill*         0x000000000800018c        0x4 

.text           0x0000000008000190     0x4750
                0x0000000008000190                . = ALIGN (0x8)
 *(.text)
 .text          0x0000000008000190       0x88 /usr/lib/gcc/arm-none-eabi/10.3.1/thumb/v7e-m/nofp/crtbegin.o
 .text          0x0000000008000218       0x48 /usr/lib/gcc/arm-none-eabi/10.3.1/../../../arm-none-eabi/lib/thumb/v7e-m/nofp/libc_nano.a(lib_a-init.o)
                0x0000000008000218                __libc_init_array
 .text          0x0000000008000260       0xa4 /usr/lib/gcc/arm-none-eabi/10.3.1/../../../arm-none-eabi/lib/thumb/v7e-m/nofp/libc_nano.a(lib_a-memset.o)
                0x0000000008000260                memset
 .text          0x0000000008000304      0x108 /usr/lib/gcc/arm-none-eabi/10.3.1/../../../arm-none-eabi/lib/thumb/v7e-m/nofp/libc_nano.a(lib_a-snprintf.o)
                0x0000000008000304                _sniprintf_r
                0x0000000008000304                _snprintf_r
                0x0000000008000384                snprintf
                0x0000000008000384                sniprintf
 .text          0x000000000800040c      0x3f0 /usr/lib/gcc/arm-none-eabi/10.3.1/../../../arm-none-eabi/lib/thumb/v7e-m/nofp/libc_nano.a(lib_a-nano-svfprintf.o)
                0x000000000800040c                __ssputs_r
                0x00000000080004d0                __ssprint_r
                0x00000000080005c8                _svfprintf_r
                0x00000000080005c8                _svfiprintf_r
 .text          0x00000000080007fc      0x3dc /usr/lib/gcc/arm-none-eabi/10.3.1/../../../arm-none-eabi/lib/thumb/v7e-m/nofp/libc_nano.a(lib_a-nano-vfprintf_i.o)
                0x00000000080007fc                _printf_common
                0x0000000008000928                _printf_i
 *fill*         0x0000000008000bd8        0x8 
 .text          0x0000000008000be0       0xa0 /usr/lib/gcc/arm-none-eabi/10.3.1/../../../arm-none-eabi/lib/thumb/v7e-m/nofp/libc_nano.a(lib_a-memchr.o)
                0x0000000008000be0                memchr
 .text          0x0000000008000c80      0x134 /usr/lib/gcc/arm-none-eabi/10.3.1/../../../arm-none-eabi/lib/thumb/v7e-m/nofp/libc_nano.a(lib_a-memcpy.o)
                0x0000000008000c80                memcpy
 .text          0x0000000008000db4       0xf8 /usr/lib/gcc/arm-none-eabi/10.3.1/../../../arm-none-eabi/lib/thumb/v7e-m/nofp/libc_nano.a(lib_a-memmove.o)
                0x0000000008000db4                memmove
 .text          0x0000000008000eac       0xbc /usr/lib/gcc/arm-none-eabi/10.3.1/../../../arm-none-eabi/lib/thumb/v7e-m/nofp/libc_nano.a(lib_a-nano-freer.o)
                0x0000000008000eac                _free_r
 .text          0x0000000008000f68       0xb4 /usr/lib/gcc/arm-none-eabi/10.3.1/../../../arm-none-eabi/lib/thumb/v7e-m/nofp/libc_nano.a(lib_a-nano-mallocr.o)
                0x0000000008000f68                _malloc_r
 .text          0x000000000800101c       0x50 /usr/lib/gcc/arm-none-eabi/10.3.1/../../../arm-none-eabi/lib/thumb/v7e-m/nofp/libc_nano.a(lib_a-nano-reallocr.o)
                0x000000000800101c                _realloc_r
 .text          0x000000000800106c       0x24 /usr/lib/gcc/arm-none-eabi/10.3.1/../../../arm-none-eabi/lib/thumb/v7e-m/nofp/libc_nano.a(lib_a-sbrkr.o)
                0x000000000800106c                _sbrk_r
 .text          0x0000000008001090        0x8 /usr/lib/gcc/arm-none-eabi/10.3.1/../../../arm-none-eabi/lib/thumb/v7e-m/nofp/libc_nano.a(lib_a-mlock.o)
                0x0000000008001090                __malloc_lock
                0x0000000008001094                __malloc_unlock
 .text          0x0000000008001098       0x14 /usr/lib/gcc/arm-none-eabi/10.3.1/../../../arm-none-eabi/lib/thumb/v7e-m/nofp/libc_nano.a(lib_a-nano-msizer.o)
                0x0000000008001098                _malloc_usable_size_r
 .text          0x00000000080010ac       0x1c /usr/lib/gcc/arm-none-eabi/10.3.1/../../../arm-none-eabi/lib/thumb/v7e-m/nofp/libnosys.a(sbrk.o)
                0x00000000080010ac                _sbrk
 .text          0x00000000080010c8       0x30 /usr/lib/gcc/arm-none-eabi/10.3.1/thumb/v7e-m/nofp/libgcc.a(_aeabi_uldivmod.o)
                0x00000000080010c8                __aeabi_uldivmod
 .text          0x00000000080010f8      0x2d0 /usr/lib/gcc/arm-none-eabi/10.3.1/thumb/v7e-m/nofp/libgcc.a(_udivmoddi4.o)
                0x00000000080010f8                __udivmoddi4
 .text          0x00000000080013c8        0x4 /usr/lib/gcc/arm-none-eabi/10.3.1/thumb/v7e-m/nofp/libgcc.a(_dvmd_tls.o)
                0x00000000080013c8                __aeabi_ldiv0
                0x00000000080013c8                __aeabi_idiv0
 *(.text*)
 .text.MX_DMA_Init
                0x00000000080013cc       0x34 build/main.o
 .text.MX_GPIO_Init
                0x0000000008001400       0x8c build/main.o
 .text.turn_ind
                0x000000000800148c      0x12c build/main.o
                0x000000000800148c                turn_ind
 .text.HAL_TIM_PWM_PulseFinishedCallback
                0x00000000080015b8       0x20 build/main.o
                0x00000000080015b8                HAL_TIM_PWM_PulseFinishedCallback
 .text.HAL_CAN_RxFifo0MsgPendingCallback
                0x00000000080015d8       0xf0 build/main.o
                0x00000000080015d8                HAL_CAN_RxFifo0MsgPendingCallback
 .text.Error_Handler
                0x00000000080016c8        0x4 build/main.o
                0x00000000080016c8                Error_Handler
 .text.MX_TIM16_Init
                0x00000000080016cc       0xa0 build/main.o
 .text.MX_CAN1_Init
                0x000000000800176c       0x40 build/main.o
 .text.MX_USART1_UART_Init
                0x00000000080017ac       0x38 build/main.o
 .text.SystemClock_Config
                0x00000000080017e4       0x7c build/main.o
                0x00000000080017e4                SystemClock_Config
 .text.main     0x0000000008001860       0xb0 build/main.o
                0x0000000008001860                main
 .text.NMI_Handler
                0x0000000008001910        0x2 build/stm32l4xx_it.o
                0x0000000008001910                NMI_Handler
 .text.HardFault_Handler
                0x0000000008001912        0x2 build/stm32l4xx_it.o
                0x0000000008001912                HardFault_Handler
 .text.MemManage_Handler
                0x0000000008001914        0x2 build/stm32l4xx_it.o
                0x0000000008001914                MemManage_Handler
 .text.BusFault_Handler
                0x0000000008001916        0x2 build/stm32l4xx_it.o
                0x0000000008001916                BusFault_Handler
 .text.UsageFault_Handler
                0x0000000008001918        0x2 build/stm32l4xx_it.o
                0x0000000008001918                UsageFault_Handler
 .text.SVC_Handler
                0x000000000800191a        0x2 build/stm32l4xx_it.o
                0x000000000800191a                SVC_Handler
 .text.DebugMon_Handler
                0x000000000800191c        0x2 build/stm32l4xx_it.o
                0x000000000800191c                DebugMon_Handler
 .text.PendSV_Handler
                0x000000000800191e        0x2 build/stm32l4xx_it.o
                0x000000000800191e                PendSV_Handler
 .text.SysTick_Handler
                0x0000000008001920        0x8 build/stm32l4xx_it.o
                0x0000000008001920                SysTick_Handler
 .text.DMA1_Channel3_IRQHandler
                0x0000000008001928       0x10 build/stm32l4xx_it.o
                0x0000000008001928                DMA1_Channel3_IRQHandler
 .text.CAN1_TX_IRQHandler
                0x0000000008001938       0x10 build/stm32l4xx_it.o
                0x0000000008001938                CAN1_TX_IRQHandler
 .text.CAN1_RX0_IRQHandler
                0x0000000008001948       0x10 build/stm32l4xx_it.o
                0x0000000008001948                CAN1_RX0_IRQHandler
 .text.CAN1_RX1_IRQHandler
                0x0000000008001958       0x10 build/stm32l4xx_it.o
                0x0000000008001958                CAN1_RX1_IRQHandler
 .text.CAN1_SCE_IRQHandler
                0x0000000008001968       0x10 build/stm32l4xx_it.o
                0x0000000008001968                CAN1_SCE_IRQHandler
 .text.HAL_MspInit
                0x0000000008001978       0x30 build/stm32l4xx_hal_msp.o
                0x0000000008001978                HAL_MspInit
 .text.HAL_CAN_MspInit
                0x00000000080019a8       0xac build/stm32l4xx_hal_msp.o
                0x00000000080019a8                HAL_CAN_MspInit
 .text.HAL_TIM_Base_MspInit
                0x0000000008001a54       0x78 build/stm32l4xx_hal_msp.o
                0x0000000008001a54                HAL_TIM_Base_MspInit
 .text.HAL_TIM_MspPostInit
                0x0000000008001acc       0x50 build/stm32l4xx_hal_msp.o
                0x0000000008001acc                HAL_TIM_MspPostInit
 .text.HAL_UART_MspInit
                0x0000000008001b1c       0x88 build/stm32l4xx_hal_msp.o
                0x0000000008001b1c                HAL_UART_MspInit
 .text.SystemInit
                0x0000000008001ba4        0x2 build/system_stm32l4xx.o
                0x0000000008001ba4                SystemInit
 *fill*         0x0000000008001ba6        0x2 
 .text.HAL_InitTick
                0x0000000008001ba8       0x50 build/stm32l4xx_hal.o
                0x0000000008001ba8                HAL_InitTick
 .text.HAL_Init
                0x0000000008001bf8       0x1e build/stm32l4xx_hal.o
                0x0000000008001bf8                HAL_Init
 *fill*         0x0000000008001c16        0x2 
 .text.HAL_IncTick
                0x0000000008001c18       0x18 build/stm32l4xx_hal.o
                0x0000000008001c18                HAL_IncTick
 .text.HAL_GetTick
                0x0000000008001c30        0xc build/stm32l4xx_hal.o
                0x0000000008001c30                HAL_GetTick
 .text.HAL_Delay
                0x0000000008001c3c       0x28 build/stm32l4xx_hal.o
                0x0000000008001c3c                HAL_Delay
 .text.HAL_CAN_Init
                0x0000000008001c64      0x14c build/stm32l4xx_hal_can.o
                0x0000000008001c64                HAL_CAN_Init
 .text.HAL_CAN_ConfigFilter
                0x0000000008001db0      0x10c build/stm32l4xx_hal_can.o
                0x0000000008001db0                HAL_CAN_ConfigFilter
 .text.HAL_CAN_Start
                0x0000000008001ebc       0x5c build/stm32l4xx_hal_can.o
                0x0000000008001ebc                HAL_CAN_Start
 .text.HAL_CAN_GetRxMessage
                0x0000000008001f18      0x16a build/stm32l4xx_hal_can.o
                0x0000000008001f18                HAL_CAN_GetRxMessage
 .text.HAL_CAN_ActivateNotification
                0x0000000008002082       0x24 build/stm32l4xx_hal_can.o
                0x0000000008002082                HAL_CAN_ActivateNotification
 .text.HAL_CAN_TxMailbox0CompleteCallback
                0x00000000080020a6        0x2 build/stm32l4xx_hal_can.o
                0x00000000080020a6                HAL_CAN_TxMailbox0CompleteCallback
 .text.HAL_CAN_TxMailbox1CompleteCallback
                0x00000000080020a8        0x2 build/stm32l4xx_hal_can.o
                0x00000000080020a8                HAL_CAN_TxMailbox1CompleteCallback
 .text.HAL_CAN_TxMailbox2CompleteCallback
                0x00000000080020aa        0x2 build/stm32l4xx_hal_can.o
                0x00000000080020aa                HAL_CAN_TxMailbox2CompleteCallback
 .text.HAL_CAN_TxMailbox0AbortCallback
                0x00000000080020ac        0x2 build/stm32l4xx_hal_can.o
                0x00000000080020ac                HAL_CAN_TxMailbox0AbortCallback
 .text.HAL_CAN_TxMailbox1AbortCallback
                0x00000000080020ae        0x2 build/stm32l4xx_hal_can.o
                0x00000000080020ae                HAL_CAN_TxMailbox1AbortCallback
 .text.HAL_CAN_TxMailbox2AbortCallback
                0x00000000080020b0        0x2 build/stm32l4xx_hal_can.o
                0x00000000080020b0                HAL_CAN_TxMailbox2AbortCallback
 .text.HAL_CAN_RxFifo0FullCallback
                0x00000000080020b2        0x2 build/stm32l4xx_hal_can.o
                0x00000000080020b2                HAL_CAN_RxFifo0FullCallback
 .text.HAL_CAN_RxFifo1MsgPendingCallback
                0x00000000080020b4        0x2 build/stm32l4xx_hal_can.o
                0x00000000080020b4                HAL_CAN_RxFifo1MsgPendingCallback
 .text.HAL_CAN_RxFifo1FullCallback
                0x00000000080020b6        0x2 build/stm32l4xx_hal_can.o
                0x00000000080020b6                HAL_CAN_RxFifo1FullCallback
 .text.HAL_CAN_SleepCallback
                0x00000000080020b8        0x2 build/stm32l4xx_hal_can.o
                0x00000000080020b8                HAL_CAN_SleepCallback
 .text.HAL_CAN_WakeUpFromRxMsgCallback
                0x00000000080020ba        0x2 build/stm32l4xx_hal_can.o
                0x00000000080020ba                HAL_CAN_WakeUpFromRxMsgCallback
 .text.HAL_CAN_ErrorCallback
                0x00000000080020bc        0x2 build/stm32l4xx_hal_can.o
                0x00000000080020bc                HAL_CAN_ErrorCallback
 .text.HAL_CAN_IRQHandler
                0x00000000080020be      0x24a build/stm32l4xx_hal_can.o
                0x00000000080020be                HAL_CAN_IRQHandler
 .text.HAL_NVIC_SetPriorityGrouping
                0x0000000008002308       0x24 build/stm32l4xx_hal_cortex.o
                0x0000000008002308                HAL_NVIC_SetPriorityGrouping
 .text.HAL_NVIC_SetPriority
                0x000000000800232c       0x70 build/stm32l4xx_hal_cortex.o
                0x000000000800232c                HAL_NVIC_SetPriority
 .text.HAL_NVIC_EnableIRQ
                0x000000000800239c       0x1c build/stm32l4xx_hal_cortex.o
                0x000000000800239c                HAL_NVIC_EnableIRQ
 .text.HAL_SYSTICK_Config
                0x00000000080023b8       0x28 build/stm32l4xx_hal_cortex.o
                0x00000000080023b8                HAL_SYSTICK_Config
 .text.DMA_SetConfig
                0x00000000080023e0       0x36 build/stm32l4xx_hal_dma.o
 *fill*         0x0000000008002416        0x2 
 .text.HAL_DMA_Init
                0x0000000008002418      0x10c build/stm32l4xx_hal_dma.o
                0x0000000008002418                HAL_DMA_Init
 .text.HAL_DMA_Start_IT
                0x0000000008002524       0x7a build/stm32l4xx_hal_dma.o
                0x0000000008002524                HAL_DMA_Start_IT
 .text.HAL_DMA_Abort_IT
                0x000000000800259e       0x50 build/stm32l4xx_hal_dma.o
                0x000000000800259e                HAL_DMA_Abort_IT
 *fill*         0x00000000080025ee        0x2 
 .text.HAL_DMA_IRQHandler
                0x00000000080025f0       0xe8 build/stm32l4xx_hal_dma.o
                0x00000000080025f0                HAL_DMA_IRQHandler
 .text.HAL_GPIO_Init
                0x00000000080026d8      0x1d0 build/stm32l4xx_hal_gpio.o
                0x00000000080026d8                HAL_GPIO_Init
 .text.HAL_GPIO_WritePin
                0x00000000080028a8        0xa build/stm32l4xx_hal_gpio.o
                0x00000000080028a8                HAL_GPIO_WritePin
 .text.HAL_GPIO_TogglePin
                0x00000000080028b2       0x12 build/stm32l4xx_hal_gpio.o
                0x00000000080028b2                HAL_GPIO_TogglePin
 .text.HAL_PWREx_GetVoltageRange
                0x00000000080028c4       0x10 build/stm32l4xx_hal_pwr_ex.o
                0x00000000080028c4                HAL_PWREx_GetVoltageRange
 .text.HAL_PWREx_ControlVoltageScaling
                0x00000000080028d4       0x90 build/stm32l4xx_hal_pwr_ex.o
                0x00000000080028d4                HAL_PWREx_ControlVoltageScaling
 .text.RCC_SetFlashLatencyFromMSIRange
                0x0000000008002964       0x90 build/stm32l4xx_hal_rcc.o
 .text.HAL_RCC_GetSysClockFreq
                0x00000000080029f4       0xb4 build/stm32l4xx_hal_rcc.o
                0x00000000080029f4                HAL_RCC_GetSysClockFreq
 .text.HAL_RCC_OscConfig
                0x0000000008002aa8      0x66c build/stm32l4xx_hal_rcc.o
                0x0000000008002aa8                HAL_RCC_OscConfig
 .text.HAL_RCC_ClockConfig
                0x0000000008003114      0x188 build/stm32l4xx_hal_rcc.o
                0x0000000008003114                HAL_RCC_ClockConfig
 .text.HAL_RCC_GetHCLKFreq
                0x000000000800329c        0xc build/stm32l4xx_hal_rcc.o
                0x000000000800329c                HAL_RCC_GetHCLKFreq
 .text.HAL_RCC_GetPCLK1Freq
                0x00000000080032a8       0x24 build/stm32l4xx_hal_rcc.o
                0x00000000080032a8                HAL_RCC_GetPCLK1Freq
 .text.HAL_RCC_GetPCLK2Freq
                0x00000000080032cc       0x24 build/stm32l4xx_hal_rcc.o
                0x00000000080032cc                HAL_RCC_GetPCLK2Freq
 .text.RCCEx_PLLSAI1_Config
                0x00000000080032f0      0x16c build/stm32l4xx_hal_rcc_ex.o
 .text.HAL_RCCEx_PeriphCLKConfig
                0x000000000800345c      0x31c build/stm32l4xx_hal_rcc_ex.o
                0x000000000800345c                HAL_RCCEx_PeriphCLKConfig
 .text.TIM_OC1_SetConfig
                0x0000000008003778       0x84 build/stm32l4xx_hal_tim.o
 .text.TIM_OC3_SetConfig
                0x00000000080037fc       0x78 build/stm32l4xx_hal_tim.o
 .text.TIM_OC4_SetConfig
                0x0000000008003874       0x5c build/stm32l4xx_hal_tim.o
 .text.TIM_OC5_SetConfig
                0x00000000080038d0       0x58 build/stm32l4xx_hal_tim.o
 .text.TIM_OC6_SetConfig
                0x0000000008003928       0x5c build/stm32l4xx_hal_tim.o
 .text.HAL_TIM_PWM_MspInit
                0x0000000008003984        0x2 build/stm32l4xx_hal_tim.o
                0x0000000008003984                HAL_TIM_PWM_MspInit
 .text.TIM_DMADelayPulseCplt
                0x0000000008003986       0x70 build/stm32l4xx_hal_tim.o
 .text.HAL_TIM_PWM_PulseFinishedHalfCpltCallback
                0x00000000080039f6        0x2 build/stm32l4xx_hal_tim.o
                0x00000000080039f6                HAL_TIM_PWM_PulseFinishedHalfCpltCallback
 .text.TIM_DMADelayPulseHalfCplt
                0x00000000080039f8       0x3e build/stm32l4xx_hal_tim.o
                0x00000000080039f8                TIM_DMADelayPulseHalfCplt
 .text.HAL_TIM_ErrorCallback
                0x0000000008003a36        0x2 build/stm32l4xx_hal_tim.o
                0x0000000008003a36                HAL_TIM_ErrorCallback
 .text.TIM_DMAError
                0x0000000008003a38       0x5c build/stm32l4xx_hal_tim.o
                0x0000000008003a38                TIM_DMAError
 .text.TIM_Base_SetConfig
                0x0000000008003a94       0x78 build/stm32l4xx_hal_tim.o
                0x0000000008003a94                TIM_Base_SetConfig
 .text.HAL_TIM_Base_Init
                0x0000000008003b0c       0x60 build/stm32l4xx_hal_tim.o
                0x0000000008003b0c                HAL_TIM_Base_Init
 .text.HAL_TIM_PWM_Init
                0x0000000008003b6c       0x60 build/stm32l4xx_hal_tim.o
                0x0000000008003b6c                HAL_TIM_PWM_Init
 .text.TIM_OC2_SetConfig
                0x0000000008003bcc       0x7c build/stm32l4xx_hal_tim.o
                0x0000000008003bcc                TIM_OC2_SetConfig
 .text.HAL_TIM_PWM_ConfigChannel
                0x0000000008003c48      0x13a build/stm32l4xx_hal_tim.o
                0x0000000008003c48                HAL_TIM_PWM_ConfigChannel
 .text.TIM_CCxChannelCmd
                0x0000000008003d82       0x1e build/stm32l4xx_hal_tim.o
                0x0000000008003d82                TIM_CCxChannelCmd
 .text.HAL_TIM_PWM_Start_DMA
                0x0000000008003da0      0x2c8 build/stm32l4xx_hal_tim.o
                0x0000000008003da0                HAL_TIM_PWM_Start_DMA
 .text.HAL_TIM_PWM_Stop_DMA
                0x0000000008004068      0x120 build/stm32l4xx_hal_tim.o
                0x0000000008004068                HAL_TIM_PWM_Stop_DMA
 .text.HAL_TIMEx_ConfigBreakDeadTime
                0x0000000008004188       0x88 build/stm32l4xx_hal_tim_ex.o
                0x0000000008004188                HAL_TIMEx_ConfigBreakDeadTime
 .text.UART_EndRxTransfer
                0x0000000008004210       0x52 build/stm32l4xx_hal_uart.o
 *fill*         0x0000000008004262        0x2 
 .text.UART_SetConfig
                0x0000000008004264      0x2a0 build/stm32l4xx_hal_uart.o
                0x0000000008004264                UART_SetConfig
 .text.UART_AdvFeatureConfig
                0x0000000008004504       0xca build/stm32l4xx_hal_uart.o
                0x0000000008004504                UART_AdvFeatureConfig
 .text.UART_WaitOnFlagUntilTimeout
                0x00000000080045ce       0xa2 build/stm32l4xx_hal_uart.o
                0x00000000080045ce                UART_WaitOnFlagUntilTimeout
 .text.HAL_UART_Transmit
                0x0000000008004670       0xd6 build/stm32l4xx_hal_uart.o
                0x0000000008004670                HAL_UART_Transmit
 .text.UART_CheckIdleState
                0x0000000008004746       0xc6 build/stm32l4xx_hal_uart.o
                0x0000000008004746                UART_CheckIdleState
 .text.HAL_UART_Init
                0x000000000800480c       0x62 build/stm32l4xx_hal_uart.o
                0x000000000800480c                HAL_UART_Init
 *fill*         0x000000000800486e        0x2 
 .text.Reset_Handler
                0x0000000008004870       0x50 build/startup_stm32l431cbtx.o
                0x0000000008004870                Reset_Handler
 .text.Default_Handler
                0x00000000080048c0        0x2 build/startup_stm32l431cbtx.o
                0x00000000080048c0                RTC_Alarm_IRQHandler
                0x00000000080048c0                EXTI2_IRQHandler
                0x00000000080048c0                TIM1_CC_IRQHandler
                0x00000000080048c0                TSC_IRQHandler
                0x00000000080048c0                TAMP_STAMP_IRQHandler
                0x00000000080048c0                EXTI3_IRQHandler
                0x00000000080048c0                LPTIM2_IRQHandler
                0x00000000080048c0                I2C3_ER_IRQHandler
                0x00000000080048c0                EXTI0_IRQHandler
                0x00000000080048c0                I2C2_EV_IRQHandler
                0x00000000080048c0                FPU_IRQHandler
                0x00000000080048c0                TIM1_UP_TIM16_IRQHandler
                0x00000000080048c0                SPI1_IRQHandler
                0x00000000080048c0                TIM6_DAC_IRQHandler
                0x00000000080048c0                DMA2_Channel2_IRQHandler
                0x00000000080048c0                DMA1_Channel4_IRQHandler
                0x00000000080048c0                ADC1_IRQHandler
                0x00000000080048c0                USART3_IRQHandler
                0x00000000080048c0                DMA1_Channel7_IRQHandler
                0x00000000080048c0                DMA2_Channel1_IRQHandler
                0x00000000080048c0                QUADSPI_IRQHandler
                0x00000000080048c0                I2C1_EV_IRQHandler
                0x00000000080048c0                DMA1_Channel6_IRQHandler
                0x00000000080048c0                DMA2_Channel4_IRQHandler
                0x00000000080048c0                RCC_IRQHandler
                0x00000000080048c0                TIM1_TRG_COM_IRQHandler
                0x00000000080048c0                DMA1_Channel1_IRQHandler
                0x00000000080048c0                Default_Handler
                0x00000000080048c0                DMA2_Channel7_IRQHandler
                0x00000000080048c0                EXTI15_10_IRQHandler
                0x00000000080048c0                TIM7_IRQHandler
                0x00000000080048c0                SDMMC1_IRQHandler
                0x00000000080048c0                I2C3_EV_IRQHandler
                0x00000000080048c0                EXTI9_5_IRQHandler
                0x00000000080048c0                RTC_WKUP_IRQHandler
                0x00000000080048c0                PVD_PVM_IRQHandler
                0x00000000080048c0                SPI2_IRQHandler
                0x00000000080048c0                DMA2_Channel5_IRQHandler
                0x00000000080048c0                CRS_IRQHandler
                0x00000000080048c0                DMA1_Channel5_IRQHandler
                0x00000000080048c0                EXTI4_IRQHandler
                0x00000000080048c0                RNG_IRQHandler
                0x00000000080048c0                COMP_IRQHandler
                0x00000000080048c0                WWDG_IRQHandler
                0x00000000080048c0                LPUART1_IRQHandler
                0x00000000080048c0                DMA2_Channel6_IRQHandler
                0x00000000080048c0                TIM2_IRQHandler
                0x00000000080048c0                EXTI1_IRQHandler
                0x00000000080048c0                USART2_IRQHandler
                0x00000000080048c0                I2C2_ER_IRQHandler
                0x00000000080048c0                DMA1_Channel2_IRQHandler
                0x00000000080048c0                FLASH_IRQHandler
                0x00000000080048c0                USART1_IRQHandler
                0x00000000080048c0                SPI3_IRQHandler
                0x00000000080048c0                I2C1_ER_IRQHandler
                0x00000000080048c0                SWPMI1_IRQHandler
                0x00000000080048c0                LPTIM1_IRQHandler
                0x00000000080048c0                SAI1_IRQHandler
                0x00000000080048c0                DMA2_Channel3_IRQHandler
                0x00000000080048c0                TIM1_BRK_TIM15_IRQHandler
 *(.glue_7)
 .glue_7        0x00000000080048c2        0x0 linker stubs
 *(.glue_7t)
 .glue_7t       0x00000000080048c2        0x0 linker stubs
 *(.eh_frame)
 *fill*         0x00000000080048c2        0x2 
 .eh_frame      0x00000000080048c4        0x0 /usr/lib/gcc/arm-none-eabi/10.3.1/thumb/v7e-m/nofp/crtbegin.o
 *(.init)
 .init          0x00000000080048c4        0x4 /usr/lib/gcc/arm-none-eabi/10.3.1/thumb/v7e-m/nofp/crti.o
                0x00000000080048c4                _init
 .init          0x00000000080048c8        0x8 /usr/lib/gcc/arm-none-eabi/10.3.1/thumb/v7e-m/nofp/crtn.o
 *(.fini)
 .fini          0x00000000080048d0        0x4 /usr/lib/gcc/arm-none-eabi/10.3.1/thumb/v7e-m/nofp/crti.o
                0x00000000080048d0                _fini
 .fini          0x00000000080048d4        0x8 /usr/lib/gcc/arm-none-eabi/10.3.1/thumb/v7e-m/nofp/crtn.o
                0x00000000080048e0                . = ALIGN (0x8)
 *fill*         0x00000000080048dc        0x4 
                0x00000000080048e0                _etext = .

.vfp11_veneer   0x00000000080048e0        0x0
 .vfp11_veneer  0x00000000080048e0        0x0 linker stubs

.v4_bx          0x00000000080048e0        0x0
 .v4_bx         0x00000000080048e0        0x0 linker stubs

.iplt           0x00000000080048e0        0x0
 .iplt          0x00000000080048e0        0x0 /usr/lib/gcc/arm-none-eabi/10.3.1/thumb/v7e-m/nofp/crtbegin.o

.rodata         0x00000000080048e0       0xc8
                0x00000000080048e0                . = ALIGN (0x8)
 *(.rodata)
 *(.rodata*)
 .rodata.HAL_CAN_RxFifo0MsgPendingCallback.str1.4
                0x00000000080048e0       0x43 build/main.o
 *fill*         0x0000000008004923        0x1 
 .rodata.AHBPrescTable
                0x0000000008004924       0x10 build/system_stm32l4xx.o
                0x0000000008004924                AHBPrescTable
 .rodata.APBPrescTable
                0x0000000008004934        0x8 build/system_stm32l4xx.o
                0x0000000008004934                APBPrescTable
 .rodata.MSIRangeTable
                0x000000000800493c       0x30 build/system_stm32l4xx.o
                0x000000000800493c                MSIRangeTable
 .rodata.str1.4
                0x000000000800496c       0x13 /usr/lib/gcc/arm-none-eabi/10.3.1/../../../arm-none-eabi/lib/thumb/v7e-m/nofp/libc_nano.a(lib_a-nano-svfprintf.o)
 *fill*         0x000000000800497f        0x1 
 .rodata.str1.4
                0x0000000008004980       0x25 /usr/lib/gcc/arm-none-eabi/10.3.1/../../../arm-none-eabi/lib/thumb/v7e-m/nofp/libc_nano.a(lib_a-nano-vfprintf_i.o)
                0x00000000080049a8                . = ALIGN (0x8)
 *fill*         0x00000000080049a5        0x3 

.ARM.extab      0x00000000080049a8        0x0
                0x00000000080049a8                . = ALIGN (0x8)
 *(.ARM.extab* .gnu.linkonce.armextab.*)
                0x00000000080049a8                . = ALIGN (0x8)

.ARM            0x00000000080049a8        0x8
                0x00000000080049a8                . = ALIGN (0x8)
                0x00000000080049a8                __exidx_start = .
 *(.ARM.exidx*)
 .ARM.exidx     0x00000000080049a8        0x8 /usr/lib/gcc/arm-none-eabi/10.3.1/thumb/v7e-m/nofp/libgcc.a(_udivmoddi4.o)
                0x00000000080049b0                __exidx_end = .
                0x00000000080049b0                . = ALIGN (0x8)

.rel.dyn        0x00000000080049b0        0x0
 .rel.iplt      0x00000000080049b0        0x0 /usr/lib/gcc/arm-none-eabi/10.3.1/thumb/v7e-m/nofp/crtbegin.o

.preinit_array  0x00000000080049b0        0x0
                0x00000000080049b0                . = ALIGN (0x8)
                0x00000000080049b0                PROVIDE (__preinit_array_start = .)
 *(.preinit_array*)
                0x00000000080049b0                PROVIDE (__preinit_array_end = .)
                0x00000000080049b0                . = ALIGN (0x8)

.init_array     0x00000000080049b0        0x8
                0x00000000080049b0                . = ALIGN (0x8)
                0x00000000080049b0                PROVIDE (__init_array_start = .)
 *(SORT_BY_NAME(.init_array.*))
 *(.init_array*)
 .init_array    0x00000000080049b0        0x4 /usr/lib/gcc/arm-none-eabi/10.3.1/thumb/v7e-m/nofp/crtbegin.o
                0x00000000080049b4                PROVIDE (__init_array_end = .)
                0x00000000080049b8                . = ALIGN (0x8)
 *fill*         0x00000000080049b4        0x4 

.fini_array     0x00000000080049b8        0x8
                0x00000000080049b8                . = ALIGN (0x8)
                0x00000000080049b8                PROVIDE (__fini_array_start = .)
 *(SORT_BY_NAME(.fini_array.*))
 *(.fini_array*)
 .fini_array    0x00000000080049b8        0x4 /usr/lib/gcc/arm-none-eabi/10.3.1/thumb/v7e-m/nofp/crtbegin.o
                0x00000000080049bc                PROVIDE (__fini_array_end = .)
                0x00000000080049c0                . = ALIGN (0x8)
 *fill*         0x00000000080049bc        0x4 
                0x00000000080049c0                _sidata = LOADADDR (.data)

.data           0x0000000020000000       0x78 load address 0x00000000080049c0
                0x0000000020000000                . = ALIGN (0x8)
                0x0000000020000000                _sdata = .
 *(.data)
 .data          0x0000000020000000       0x64 /usr/lib/gcc/arm-none-eabi/10.3.1/../../../arm-none-eabi/lib/thumb/v7e-m/nofp/libc_nano.a(lib_a-impure.o)
                0x0000000020000000                _impure_ptr
 *(.data*)
 .data.rgb      0x0000000020000064        0x1 build/main.o
                0x0000000020000064                rgb
 *fill*         0x0000000020000065        0x3 
 .data.SystemCoreClock
                0x0000000020000068        0x4 build/system_stm32l4xx.o
                0x0000000020000068                SystemCoreClock
 .data.uwTickFreq
                0x000000002000006c        0x1 build/stm32l4xx_hal.o
                0x000000002000006c                uwTickFreq
 *fill*         0x000000002000006d        0x3 
 .data.uwTickPrio
                0x0000000020000070        0x4 build/stm32l4xx_hal.o
                0x0000000020000070                uwTickPrio
                0x0000000020000078                . = ALIGN (0x8)
 *fill*         0x0000000020000074        0x4 
                0x0000000020000078                _edata = .

.tm_clone_table
                0x0000000020000078        0x0 load address 0x0000000008004a38
 .tm_clone_table
                0x0000000020000078        0x0 /usr/lib/gcc/arm-none-eabi/10.3.1/thumb/v7e-m/nofp/crtbegin.o
 .tm_clone_table
                0x0000000020000078        0x0 /usr/lib/gcc/arm-none-eabi/10.3.1/thumb/v7e-m/nofp/crtend.o

.igot.plt       0x0000000020000078        0x0 load address 0x0000000008004a38
 .igot.plt      0x0000000020000078        0x0 /usr/lib/gcc/arm-none-eabi/10.3.1/thumb/v7e-m/nofp/crtbegin.o
                0x0000000020000078                . = ALIGN (0x4)

.bss            0x0000000020000078     0x118c load address 0x0000000008004a38
                0x0000000020000078                _sbss = .
                0x0000000020000078                __bss_start__ = _sbss
 *(.bss)
 .bss           0x0000000020000078       0x1c /usr/lib/gcc/arm-none-eabi/10.3.1/thumb/v7e-m/nofp/crtbegin.o
 .bss           0x0000000020000094        0x8 /usr/lib/gcc/arm-none-eabi/10.3.1/../../../arm-none-eabi/lib/thumb/v7e-m/nofp/libc_nano.a(lib_a-nano-mallocr.o)
                0x0000000020000094                __malloc_free_list
                0x0000000020000098                __malloc_sbrk_start
 .bss           0x000000002000009c        0x4 /usr/lib/gcc/arm-none-eabi/10.3.1/../../../arm-none-eabi/lib/thumb/v7e-m/nofp/libc_nano.a(lib_a-reent.o)
                0x000000002000009c                errno
 .bss           0x00000000200000a0        0x4 /usr/lib/gcc/arm-none-eabi/10.3.1/../../../arm-none-eabi/lib/thumb/v7e-m/nofp/libnosys.a(sbrk.o)
 *(.bss*)
 .bss.burntOrange
                0x00000000200000a4        0x1 build/main.o
                0x00000000200000a4                burntOrange
 *fill*         0x00000000200000a5        0x3 
 .bss.empty_pos.6
                0x00000000200000a8        0x4 build/main.o
 .bss.fade      0x00000000200000ac        0x1 build/main.o
                0x00000000200000ac                fade
 *fill*         0x00000000200000ad        0x3 
 .bss.fill_pos.7
                0x00000000200000b0        0x4 build/main.o
 .bss.frame_count.9
                0x00000000200000b4        0x4 build/main.o
 .bss.hcan1     0x00000000200000b8       0x28 build/main.o
                0x00000000200000b8                hcan1
 .bss.hdma_tim16_ch1_up
                0x00000000200000e0       0x48 build/main.o
                0x00000000200000e0                hdma_tim16_ch1_up
 .bss.htim16    0x0000000020000128       0x4c build/main.o
                0x0000000020000128                htim16
 .bss.huart1    0x0000000020000174       0x88 build/main.o
                0x0000000020000174                huart1
 .bss.led_pattern
                0x00000000200001fc     0x1000 build/main.o
                0x00000000200001fc                led_pattern
 .bss.state.8   0x00000000200011fc        0x4 build/main.o
 .bss.uwTick    0x0000000020001200        0x4 build/stm32l4xx_hal.o
                0x0000000020001200                uwTick
 *(COMMON)
                0x0000000020001204                . = ALIGN (0x4)
                0x0000000020001204                _ebss = .
                0x0000000020001204                __bss_end__ = _ebss

._user_heap_stack
                0x0000000020001204      0x604 load address 0x0000000008004a38
                0x0000000020001208                . = ALIGN (0x8)
 *fill*         0x0000000020001204        0x4 
                0x0000000020001208                PROVIDE (end = .)
                [!provide]                        PROVIDE (_end = .)
                0x0000000020001408                . = (. + _Min_Heap_Size)
 *fill*         0x0000000020001208      0x200 
                0x0000000020001808                . = (. + _Min_Stack_Size)
 *fill*         0x0000000020001408      0x400 
                0x0000000020001808                . = ALIGN (0x8)

/DISCARD/
 libc.a(*)
 libm.a(*)
 libgcc.a(*)

.ARM.attributes
                0x0000000000000000       0x2a
 *(.ARM.attributes)
 .ARM.attributes
                0x0000000000000000       0x1e /usr/lib/gcc/arm-none-eabi/10.3.1/thumb/v7e-m/nofp/crti.o
 .ARM.attributes
                0x000000000000001e       0x2e /usr/lib/gcc/arm-none-eabi/10.3.1/thumb/v7e-m/nofp/crtbegin.o
 .ARM.attributes
                0x000000000000004c       0x2e build/main.o
 .ARM.attributes
                0x000000000000007a       0x2e build/stm32l4xx_it.o
 .ARM.attributes
                0x00000000000000a8       0x2e build/stm32l4xx_hal_msp.o
 .ARM.attributes
                0x00000000000000d6       0x2e build/system_stm32l4xx.o
 .ARM.attributes
                0x0000000000000104       0x2e build/stm32l4xx_hal.o
 .ARM.attributes
                0x0000000000000132       0x2e build/stm32l4xx_hal_can.o
 .ARM.attributes
                0x0000000000000160       0x2e build/stm32l4xx_hal_cortex.o
 .ARM.attributes
                0x000000000000018e       0x2e build/stm32l4xx_hal_dma.o
 .ARM.attributes
                0x00000000000001bc       0x2e build/stm32l4xx_hal_gpio.o
 .ARM.attributes
                0x00000000000001ea       0x2e build/stm32l4xx_hal_pwr_ex.o
 .ARM.attributes
                0x0000000000000218       0x2e build/stm32l4xx_hal_rcc.o
 .ARM.attributes
                0x0000000000000246       0x2e build/stm32l4xx_hal_rcc_ex.o
 .ARM.attributes
                0x0000000000000274       0x2e build/stm32l4xx_hal_tim.o
 .ARM.attributes
                0x00000000000002a2       0x2e build/stm32l4xx_hal_tim_ex.o
 .ARM.attributes
                0x00000000000002d0       0x2e build/stm32l4xx_hal_uart.o
 .ARM.attributes
                0x00000000000002fe       0x21 build/startup_stm32l431cbtx.o
 .ARM.attributes
                0x000000000000031f       0x2e /usr/lib/gcc/arm-none-eabi/10.3.1/../../../arm-none-eabi/lib/thumb/v7e-m/nofp/libc_nano.a(lib_a-impure.o)
 .ARM.attributes
                0x000000000000034d       0x2e /usr/lib/gcc/arm-none-eabi/10.3.1/../../../arm-none-eabi/lib/thumb/v7e-m/nofp/libc_nano.a(lib_a-init.o)
 .ARM.attributes
                0x000000000000037b       0x2e /usr/lib/gcc/arm-none-eabi/10.3.1/../../../arm-none-eabi/lib/thumb/v7e-m/nofp/libc_nano.a(lib_a-memset.o)
 .ARM.attributes
                0x00000000000003a9       0x2e /usr/lib/gcc/arm-none-eabi/10.3.1/../../../arm-none-eabi/lib/thumb/v7e-m/nofp/libc_nano.a(lib_a-snprintf.o)
 .ARM.attributes
                0x00000000000003d7       0x2e /usr/lib/gcc/arm-none-eabi/10.3.1/../../../arm-none-eabi/lib/thumb/v7e-m/nofp/libc_nano.a(lib_a-nano-svfprintf.o)
 .ARM.attributes
                0x0000000000000405       0x2e /usr/lib/gcc/arm-none-eabi/10.3.1/../../../arm-none-eabi/lib/thumb/v7e-m/nofp/libc_nano.a(lib_a-nano-vfprintf_i.o)
 .ARM.attributes
                0x0000000000000433       0x1c /usr/lib/gcc/arm-none-eabi/10.3.1/../../../arm-none-eabi/lib/thumb/v7e-m/nofp/libc_nano.a(lib_a-memchr.o)
 .ARM.attributes
                0x000000000000044f       0x1c /usr/lib/gcc/arm-none-eabi/10.3.1/../../../arm-none-eabi/lib/thumb/v7e-m/nofp/libc_nano.a(lib_a-memcpy.o)
 .ARM.attributes
                0x000000000000046b       0x2e /usr/lib/gcc/arm-none-eabi/10.3.1/../../../arm-none-eabi/lib/thumb/v7e-m/nofp/libc_nano.a(lib_a-memmove.o)
 .ARM.attributes
                0x0000000000000499       0x2e /usr/lib/gcc/arm-none-eabi/10.3.1/../../../arm-none-eabi/lib/thumb/v7e-m/nofp/libc_nano.a(lib_a-nano-freer.o)
 .ARM.attributes
                0x00000000000004c7       0x2e /usr/lib/gcc/arm-none-eabi/10.3.1/../../../arm-none-eabi/lib/thumb/v7e-m/nofp/libc_nano.a(lib_a-nano-mallocr.o)
 .ARM.attributes
                0x00000000000004f5       0x2e /usr/lib/gcc/arm-none-eabi/10.3.1/../../../arm-none-eabi/lib/thumb/v7e-m/nofp/libc_nano.a(lib_a-nano-reallocr.o)
 .ARM.attributes
                0x0000000000000523       0x2e /usr/lib/gcc/arm-none-eabi/10.3.1/../../../arm-none-eabi/lib/thumb/v7e-m/nofp/libc_nano.a(lib_a-sbrkr.o)
 .ARM.attributes
                0x0000000000000551       0x2e /usr/lib/gcc/arm-none-eabi/10.3.1/../../../arm-none-eabi/lib/thumb/v7e-m/nofp/libc_nano.a(lib_a-mlock.o)
 .ARM.attributes
                0x000000000000057f       0x2e /usr/lib/gcc/arm-none-eabi/10.3.1/../../../arm-none-eabi/lib/thumb/v7e-m/nofp/libc_nano.a(lib_a-nano-msizer.o)
 .ARM.attributes
                0x00000000000005ad       0x2e /usr/lib/gcc/arm-none-eabi/10.3.1/../../../arm-none-eabi/lib/thumb/v7e-m/nofp/libc_nano.a(lib_a-reent.o)
 .ARM.attributes
                0x00000000000005db       0x2e /usr/lib/gcc/arm-none-eabi/10.3.1/../../../arm-none-eabi/lib/thumb/v7e-m/nofp/libnosys.a(sbrk.o)
 .ARM.attributes
                0x0000000000000609       0x1e /usr/lib/gcc/arm-none-eabi/10.3.1/thumb/v7e-m/nofp/libgcc.a(_aeabi_uldivmod.o)
 .ARM.attributes
                0x0000000000000627       0x2e /usr/lib/gcc/arm-none-eabi/10.3.1/thumb/v7e-m/nofp/libgcc.a(_udivmoddi4.o)
 .ARM.attributes
                0x0000000000000655       0x1e /usr/lib/gcc/arm-none-eabi/10.3.1/thumb/v7e-m/nofp/libgcc.a(_dvmd_tls.o)
 .ARM.attributes
                0x0000000000000673       0x2e /usr/lib/gcc/arm-none-eabi/10.3.1/thumb/v7e-m/nofp/crtend.o
 .ARM.attributes
                0x00000000000006a1       0x1e /usr/lib/gcc/arm-none-eabi/10.3.1/thumb/v7e-m/nofp/crtn.o
OUTPUT(build/Controls_LightingPCB.elf elf32-littlearm)
LOAD linker stubs
LOAD /usr/lib/gcc/arm-none-eabi/10.3.1/../../../arm-none-eabi/lib/thumb/v7e-m/nofp/libc.a
LOAD /usr/lib/gcc/arm-none-eabi/10.3.1/../../../arm-none-eabi/lib/thumb/v7e-m/nofp/libm.a
LOAD /usr/lib/gcc/arm-none-eabi/10.3.1/thumb/v7e-m/nofp/libgcc.a

.comment        0x0000000000000000       0x33
 .comment       0x0000000000000000       0x33 /usr/lib/gcc/arm-none-eabi/10.3.1/thumb/v7e-m/nofp/crtbegin.o
                                         0x34 (size before relaxing)
 .comment       0x0000000000000033       0x34 build/main.o
 .comment       0x0000000000000033       0x34 build/stm32l4xx_it.o
 .comment       0x0000000000000033       0x34 build/stm32l4xx_hal_msp.o
 .comment       0x0000000000000033       0x34 build/system_stm32l4xx.o
 .comment       0x0000000000000033       0x34 build/stm32l4xx_hal.o
 .comment       0x0000000000000033       0x34 build/stm32l4xx_hal_can.o
 .comment       0x0000000000000033       0x34 build/stm32l4xx_hal_cortex.o
 .comment       0x0000000000000033       0x34 build/stm32l4xx_hal_dma.o
 .comment       0x0000000000000033       0x34 build/stm32l4xx_hal_gpio.o
 .comment       0x0000000000000033       0x34 build/stm32l4xx_hal_pwr_ex.o
 .comment       0x0000000000000033       0x34 build/stm32l4xx_hal_rcc.o
 .comment       0x0000000000000033       0x34 build/stm32l4xx_hal_rcc_ex.o
 .comment       0x0000000000000033       0x34 build/stm32l4xx_hal_tim.o
 .comment       0x0000000000000033       0x34 build/stm32l4xx_hal_tim_ex.o
 .comment       0x0000000000000033       0x34 build/stm32l4xx_hal_uart.o
 .comment       0x0000000000000033       0x34 /usr/lib/gcc/arm-none-eabi/10.3.1/../../../arm-none-eabi/lib/thumb/v7e-m/nofp/libc_nano.a(lib_a-impure.o)
 .comment       0x0000000000000033       0x34 /usr/lib/gcc/arm-none-eabi/10.3.1/../../../arm-none-eabi/lib/thumb/v7e-m/nofp/libc_nano.a(lib_a-init.o)
 .comment       0x0000000000000033       0x34 /usr/lib/gcc/arm-none-eabi/10.3.1/../../../arm-none-eabi/lib/thumb/v7e-m/nofp/libc_nano.a(lib_a-memset.o)
 .comment       0x0000000000000033       0x34 /usr/lib/gcc/arm-none-eabi/10.3.1/../../../arm-none-eabi/lib/thumb/v7e-m/nofp/libc_nano.a(lib_a-snprintf.o)
 .comment       0x0000000000000033       0x34 /usr/lib/gcc/arm-none-eabi/10.3.1/../../../arm-none-eabi/lib/thumb/v7e-m/nofp/libc_nano.a(lib_a-nano-svfprintf.o)
 .comment       0x0000000000000033       0x34 /usr/lib/gcc/arm-none-eabi/10.3.1/../../../arm-none-eabi/lib/thumb/v7e-m/nofp/libc_nano.a(lib_a-nano-vfprintf_i.o)
 .comment       0x0000000000000033       0x34 /usr/lib/gcc/arm-none-eabi/10.3.1/../../../arm-none-eabi/lib/thumb/v7e-m/nofp/libc_nano.a(lib_a-memmove.o)
 .comment       0x0000000000000033       0x34 /usr/lib/gcc/arm-none-eabi/10.3.1/../../../arm-none-eabi/lib/thumb/v7e-m/nofp/libc_nano.a(lib_a-nano-freer.o)
 .comment       0x0000000000000033       0x34 /usr/lib/gcc/arm-none-eabi/10.3.1/../../../arm-none-eabi/lib/thumb/v7e-m/nofp/libc_nano.a(lib_a-nano-mallocr.o)
 .comment       0x0000000000000033       0x34 /usr/lib/gcc/arm-none-eabi/10.3.1/../../../arm-none-eabi/lib/thumb/v7e-m/nofp/libc_nano.a(lib_a-nano-reallocr.o)
 .comment       0x0000000000000033       0x34 /usr/lib/gcc/arm-none-eabi/10.3.1/../../../arm-none-eabi/lib/thumb/v7e-m/nofp/libc_nano.a(lib_a-sbrkr.o)
 .comment       0x0000000000000033       0x34 /usr/lib/gcc/arm-none-eabi/10.3.1/../../../arm-none-eabi/lib/thumb/v7e-m/nofp/libc_nano.a(lib_a-mlock.o)
 .comment       0x0000000000000033       0x34 /usr/lib/gcc/arm-none-eabi/10.3.1/../../../arm-none-eabi/lib/thumb/v7e-m/nofp/libc_nano.a(lib_a-nano-msizer.o)
 .comment       0x0000000000000033       0x34 /usr/lib/gcc/arm-none-eabi/10.3.1/../../../arm-none-eabi/lib/thumb/v7e-m/nofp/libc_nano.a(lib_a-reent.o)
 .comment       0x0000000000000033       0x34 /usr/lib/gcc/arm-none-eabi/10.3.1/../../../arm-none-eabi/lib/thumb/v7e-m/nofp/libnosys.a(sbrk.o)
 .comment       0x0000000000000033       0x34 /usr/lib/gcc/arm-none-eabi/10.3.1/thumb/v7e-m/nofp/libgcc.a(_udivmoddi4.o)
 .comment       0x0000000000000033       0x34 /usr/lib/gcc/arm-none-eabi/10.3.1/thumb/v7e-m/nofp/crtend.o

.debug_info     0x0000000000000000    0x1fb06
 .debug_info    0x0000000000000000     0x2b33 build/main.o
 .debug_info    0x0000000000002b33      0x941 build/stm32l4xx_it.o
 .debug_info    0x0000000000003474     0x1ba1 build/stm32l4xx_hal_msp.o
 .debug_info    0x0000000000005015      0x4ad build/system_stm32l4xx.o
 .debug_info    0x00000000000054c2      0xcb9 build/stm32l4xx_hal.o
 .debug_info    0x000000000000617b     0x13f7 build/stm32l4xx_hal_can.o
 .debug_info    0x0000000000007572     0x1159 build/stm32l4xx_hal_cortex.o
 .debug_info    0x00000000000086cb      0x8f6 build/stm32l4xx_hal_dma.o
 .debug_info    0x0000000000008fc1      0x93e build/stm32l4xx_hal_gpio.o
 .debug_info    0x00000000000098ff      0xabc build/stm32l4xx_hal_pwr_ex.o
 .debug_info    0x000000000000a3bb     0x1061 build/stm32l4xx_hal_rcc.o
 .debug_info    0x000000000000b41c     0x13fb build/stm32l4xx_hal_rcc_ex.o
 .debug_info    0x000000000000c817     0x426c build/stm32l4xx_hal_tim.o
 .debug_info    0x0000000000010a83     0x1ef4 build/stm32l4xx_hal_tim_ex.o
 .debug_info    0x0000000000012977     0x54e9 build/stm32l4xx_hal_uart.o
 .debug_info    0x0000000000017e60       0x22 build/startup_stm32l431cbtx.o
 .debug_info    0x0000000000017e82      0x863 /usr/lib/gcc/arm-none-eabi/10.3.1/../../../arm-none-eabi/lib/thumb/v7e-m/nofp/libc_nano.a(lib_a-impure.o)
 .debug_info    0x00000000000186e5      0x11a /usr/lib/gcc/arm-none-eabi/10.3.1/../../../arm-none-eabi/lib/thumb/v7e-m/nofp/libc_nano.a(lib_a-init.o)
 .debug_info    0x00000000000187ff      0x137 /usr/lib/gcc/arm-none-eabi/10.3.1/../../../arm-none-eabi/lib/thumb/v7e-m/nofp/libc_nano.a(lib_a-memset.o)
 .debug_info    0x0000000000018936      0x9b5 /usr/lib/gcc/arm-none-eabi/10.3.1/../../../arm-none-eabi/lib/thumb/v7e-m/nofp/libc_nano.a(lib_a-snprintf.o)
 .debug_info    0x00000000000192eb     0x10d5 /usr/lib/gcc/arm-none-eabi/10.3.1/../../../arm-none-eabi/lib/thumb/v7e-m/nofp/libc_nano.a(lib_a-nano-svfprintf.o)
 .debug_info    0x000000000001a3c0      0xe9e /usr/lib/gcc/arm-none-eabi/10.3.1/../../../arm-none-eabi/lib/thumb/v7e-m/nofp/libc_nano.a(lib_a-nano-vfprintf_i.o)
 .debug_info    0x000000000001b25e       0x26 /usr/lib/gcc/arm-none-eabi/10.3.1/../../../arm-none-eabi/lib/thumb/v7e-m/nofp/libc_nano.a(lib_a-memchr.o)
 .debug_info    0x000000000001b284       0x26 /usr/lib/gcc/arm-none-eabi/10.3.1/../../../arm-none-eabi/lib/thumb/v7e-m/nofp/libc_nano.a(lib_a-memcpy.o)
 .debug_info    0x000000000001b2aa      0x152 /usr/lib/gcc/arm-none-eabi/10.3.1/../../../arm-none-eabi/lib/thumb/v7e-m/nofp/libc_nano.a(lib_a-memmove.o)
 .debug_info    0x000000000001b3fc      0x92b /usr/lib/gcc/arm-none-eabi/10.3.1/../../../arm-none-eabi/lib/thumb/v7e-m/nofp/libc_nano.a(lib_a-nano-freer.o)
 .debug_info    0x000000000001bd27      0xa0c /usr/lib/gcc/arm-none-eabi/10.3.1/../../../arm-none-eabi/lib/thumb/v7e-m/nofp/libc_nano.a(lib_a-nano-mallocr.o)
 .debug_info    0x000000000001c733      0x911 /usr/lib/gcc/arm-none-eabi/10.3.1/../../../arm-none-eabi/lib/thumb/v7e-m/nofp/libc_nano.a(lib_a-nano-reallocr.o)
 .debug_info    0x000000000001d044      0x828 /usr/lib/gcc/arm-none-eabi/10.3.1/../../../arm-none-eabi/lib/thumb/v7e-m/nofp/libc_nano.a(lib_a-sbrkr.o)
 .debug_info    0x000000000001d86c      0x7dc /usr/lib/gcc/arm-none-eabi/10.3.1/../../../arm-none-eabi/lib/thumb/v7e-m/nofp/libc_nano.a(lib_a-mlock.o)
 .debug_info    0x000000000001e048      0x840 /usr/lib/gcc/arm-none-eabi/10.3.1/../../../arm-none-eabi/lib/thumb/v7e-m/nofp/libc_nano.a(lib_a-nano-msizer.o)
 .debug_info    0x000000000001e888      0xa7e /usr/lib/gcc/arm-none-eabi/10.3.1/../../../arm-none-eabi/lib/thumb/v7e-m/nofp/libc_nano.a(lib_a-reent.o)
 .debug_info    0x000000000001f306       0x9d /usr/lib/gcc/arm-none-eabi/10.3.1/../../../arm-none-eabi/lib/thumb/v7e-m/nofp/libnosys.a(sbrk.o)
 .debug_info    0x000000000001f3a3       0x26 /usr/lib/gcc/arm-none-eabi/10.3.1/thumb/v7e-m/nofp/libgcc.a(_aeabi_uldivmod.o)
 .debug_info    0x000000000001f3c9      0x717 /usr/lib/gcc/arm-none-eabi/10.3.1/thumb/v7e-m/nofp/libgcc.a(_udivmoddi4.o)
 .debug_info    0x000000000001fae0       0x26 /usr/lib/gcc/arm-none-eabi/10.3.1/thumb/v7e-m/nofp/libgcc.a(_dvmd_tls.o)

.debug_abbrev   0x0000000000000000     0x421b
 .debug_abbrev  0x0000000000000000      0x483 build/main.o
 .debug_abbrev  0x0000000000000483      0x1bd build/stm32l4xx_it.o
 .debug_abbrev  0x0000000000000640      0x267 build/stm32l4xx_hal_msp.o
 .debug_abbrev  0x00000000000008a7      0x12c build/system_stm32l4xx.o
 .debug_abbrev  0x00000000000009d3      0x25a build/stm32l4xx_hal.o
 .debug_abbrev  0x0000000000000c2d      0x28e build/stm32l4xx_hal_can.o
 .debug_abbrev  0x0000000000000ebb      0x38a build/stm32l4xx_hal_cortex.o
 .debug_abbrev  0x0000000000001245      0x240 build/stm32l4xx_hal_dma.o
 .debug_abbrev  0x0000000000001485      0x23a build/stm32l4xx_hal_gpio.o
 .debug_abbrev  0x00000000000016bf      0x245 build/stm32l4xx_hal_pwr_ex.o
 .debug_abbrev  0x0000000000001904      0x29f build/stm32l4xx_hal_rcc.o
 .debug_abbrev  0x0000000000001ba3      0x2c1 build/stm32l4xx_hal_rcc_ex.o
 .debug_abbrev  0x0000000000001e64      0x29a build/stm32l4xx_hal_tim.o
 .debug_abbrev  0x00000000000020fe      0x2b0 build/stm32l4xx_hal_tim_ex.o
 .debug_abbrev  0x00000000000023ae      0x339 build/stm32l4xx_hal_uart.o
 .debug_abbrev  0x00000000000026e7       0x12 build/startup_stm32l431cbtx.o
 .debug_abbrev  0x00000000000026f9      0x151 /usr/lib/gcc/arm-none-eabi/10.3.1/../../../arm-none-eabi/lib/thumb/v7e-m/nofp/libc_nano.a(lib_a-impure.o)
 .debug_abbrev  0x000000000000284a       0xcc /usr/lib/gcc/arm-none-eabi/10.3.1/../../../arm-none-eabi/lib/thumb/v7e-m/nofp/libc_nano.a(lib_a-init.o)
 .debug_abbrev  0x0000000000002916       0xb4 /usr/lib/gcc/arm-none-eabi/10.3.1/../../../arm-none-eabi/lib/thumb/v7e-m/nofp/libc_nano.a(lib_a-memset.o)
 .debug_abbrev  0x00000000000029ca      0x216 /usr/lib/gcc/arm-none-eabi/10.3.1/../../../arm-none-eabi/lib/thumb/v7e-m/nofp/libc_nano.a(lib_a-snprintf.o)
 .debug_abbrev  0x0000000000002be0      0x2ca /usr/lib/gcc/arm-none-eabi/10.3.1/../../../arm-none-eabi/lib/thumb/v7e-m/nofp/libc_nano.a(lib_a-nano-svfprintf.o)
 .debug_abbrev  0x0000000000002eaa      0x25c /usr/lib/gcc/arm-none-eabi/10.3.1/../../../arm-none-eabi/lib/thumb/v7e-m/nofp/libc_nano.a(lib_a-nano-vfprintf_i.o)
 .debug_abbrev  0x0000000000003106       0x14 /usr/lib/gcc/arm-none-eabi/10.3.1/../../../arm-none-eabi/lib/thumb/v7e-m/nofp/libc_nano.a(lib_a-memchr.o)
 .debug_abbrev  0x000000000000311a       0x14 /usr/lib/gcc/arm-none-eabi/10.3.1/../../../arm-none-eabi/lib/thumb/v7e-m/nofp/libc_nano.a(lib_a-memcpy.o)
 .debug_abbrev  0x000000000000312e       0xc0 /usr/lib/gcc/arm-none-eabi/10.3.1/../../../arm-none-eabi/lib/thumb/v7e-m/nofp/libc_nano.a(lib_a-memmove.o)
 .debug_abbrev  0x00000000000031ee      0x245 /usr/lib/gcc/arm-none-eabi/10.3.1/../../../arm-none-eabi/lib/thumb/v7e-m/nofp/libc_nano.a(lib_a-nano-freer.o)
 .debug_abbrev  0x0000000000003433      0x290 /usr/lib/gcc/arm-none-eabi/10.3.1/../../../arm-none-eabi/lib/thumb/v7e-m/nofp/libc_nano.a(lib_a-nano-mallocr.o)
 .debug_abbrev  0x00000000000036c3      0x1d6 /usr/lib/gcc/arm-none-eabi/10.3.1/../../../arm-none-eabi/lib/thumb/v7e-m/nofp/libc_nano.a(lib_a-nano-reallocr.o)
 .debug_abbrev  0x0000000000003899      0x1d6 /usr/lib/gcc/arm-none-eabi/10.3.1/../../../arm-none-eabi/lib/thumb/v7e-m/nofp/libc_nano.a(lib_a-sbrkr.o)
 .debug_abbrev  0x0000000000003a6f      0x189 /usr/lib/gcc/arm-none-eabi/10.3.1/../../../arm-none-eabi/lib/thumb/v7e-m/nofp/libc_nano.a(lib_a-mlock.o)
 .debug_abbrev  0x0000000000003bf8      0x191 /usr/lib/gcc/arm-none-eabi/10.3.1/../../../arm-none-eabi/lib/thumb/v7e-m/nofp/libc_nano.a(lib_a-nano-msizer.o)
 .debug_abbrev  0x0000000000003d89      0x265 /usr/lib/gcc/arm-none-eabi/10.3.1/../../../arm-none-eabi/lib/thumb/v7e-m/nofp/libc_nano.a(lib_a-reent.o)
 .debug_abbrev  0x0000000000003fee       0xa2 /usr/lib/gcc/arm-none-eabi/10.3.1/../../../arm-none-eabi/lib/thumb/v7e-m/nofp/libnosys.a(sbrk.o)
 .debug_abbrev  0x0000000000004090       0x14 /usr/lib/gcc/arm-none-eabi/10.3.1/thumb/v7e-m/nofp/libgcc.a(_aeabi_uldivmod.o)
 .debug_abbrev  0x00000000000040a4      0x163 /usr/lib/gcc/arm-none-eabi/10.3.1/thumb/v7e-m/nofp/libgcc.a(_udivmoddi4.o)
 .debug_abbrev  0x0000000000004207       0x14 /usr/lib/gcc/arm-none-eabi/10.3.1/thumb/v7e-m/nofp/libgcc.a(_dvmd_tls.o)

.debug_loc      0x0000000000000000    0x17776
 .debug_loc     0x0000000000000000      0xe35 build/main.o
 .debug_loc     0x0000000000000e35       0xc0 build/stm32l4xx_it.o
 .debug_loc     0x0000000000000ef5      0x31c build/stm32l4xx_hal_msp.o
 .debug_loc     0x0000000000001211      0x127 build/system_stm32l4xx.o
 .debug_loc     0x0000000000001338      0x2af build/stm32l4xx_hal.o
 .debug_loc     0x00000000000015e7      0xf21 build/stm32l4xx_hal_can.o
 .debug_loc     0x0000000000002508      0x7a4 build/stm32l4xx_hal_cortex.o
 .debug_loc     0x0000000000002cac      0x931 build/stm32l4xx_hal_dma.o
 .debug_loc     0x00000000000035dd      0x46f build/stm32l4xx_hal_gpio.o
 .debug_loc     0x0000000000003a4c      0x905 build/stm32l4xx_hal_pwr_ex.o
 .debug_loc     0x0000000000004351      0x9e0 build/stm32l4xx_hal_rcc.o
 .debug_loc     0x0000000000004d31     0x188e build/stm32l4xx_hal_rcc_ex.o
 .debug_loc     0x00000000000065bf     0x631c build/stm32l4xx_hal_tim.o
 .debug_loc     0x000000000000c8db     0x28f3 build/stm32l4xx_hal_tim_ex.o
 .debug_loc     0x000000000000f1ce     0x52e5 build/stm32l4xx_hal_uart.o
 .debug_loc     0x00000000000144b3       0xba /usr/lib/gcc/arm-none-eabi/10.3.1/../../../arm-none-eabi/lib/thumb/v7e-m/nofp/libc_nano.a(lib_a-init.o)
 .debug_loc     0x000000000001456d      0x22c /usr/lib/gcc/arm-none-eabi/10.3.1/../../../arm-none-eabi/lib/thumb/v7e-m/nofp/libc_nano.a(lib_a-memset.o)
 .debug_loc     0x0000000000014799      0x2b1 /usr/lib/gcc/arm-none-eabi/10.3.1/../../../arm-none-eabi/lib/thumb/v7e-m/nofp/libc_nano.a(lib_a-snprintf.o)
 .debug_loc     0x0000000000014a4a      0x83b /usr/lib/gcc/arm-none-eabi/10.3.1/../../../arm-none-eabi/lib/thumb/v7e-m/nofp/libc_nano.a(lib_a-nano-svfprintf.o)
 .debug_loc     0x0000000000015285      0x6d7 /usr/lib/gcc/arm-none-eabi/10.3.1/../../../arm-none-eabi/lib/thumb/v7e-m/nofp/libc_nano.a(lib_a-nano-vfprintf_i.o)
 .debug_loc     0x000000000001595c      0x34f /usr/lib/gcc/arm-none-eabi/10.3.1/../../../arm-none-eabi/lib/thumb/v7e-m/nofp/libc_nano.a(lib_a-memmove.o)
 .debug_loc     0x0000000000015cab      0x23a /usr/lib/gcc/arm-none-eabi/10.3.1/../../../arm-none-eabi/lib/thumb/v7e-m/nofp/libc_nano.a(lib_a-nano-freer.o)
 .debug_loc     0x0000000000015ee5      0x3cd /usr/lib/gcc/arm-none-eabi/10.3.1/../../../arm-none-eabi/lib/thumb/v7e-m/nofp/libc_nano.a(lib_a-nano-mallocr.o)
 .debug_loc     0x00000000000162b2      0x133 /usr/lib/gcc/arm-none-eabi/10.3.1/../../../arm-none-eabi/lib/thumb/v7e-m/nofp/libc_nano.a(lib_a-nano-reallocr.o)
 .debug_loc     0x00000000000163e5       0x6c /usr/lib/gcc/arm-none-eabi/10.3.1/../../../arm-none-eabi/lib/thumb/v7e-m/nofp/libc_nano.a(lib_a-sbrkr.o)
 .debug_loc     0x0000000000016451       0x86 /usr/lib/gcc/arm-none-eabi/10.3.1/../../../arm-none-eabi/lib/thumb/v7e-m/nofp/libc_nano.a(lib_a-nano-msizer.o)
 .debug_loc     0x00000000000164d7      0x1cd /usr/lib/gcc/arm-none-eabi/10.3.1/../../../arm-none-eabi/lib/thumb/v7e-m/nofp/libc_nano.a(lib_a-reent.o)
 .debug_loc     0x00000000000166a4       0x3e /usr/lib/gcc/arm-none-eabi/10.3.1/../../../arm-none-eabi/lib/thumb/v7e-m/nofp/libnosys.a(sbrk.o)
 .debug_loc     0x00000000000166e2     0x1094 /usr/lib/gcc/arm-none-eabi/10.3.1/thumb/v7e-m/nofp/libgcc.a(_udivmoddi4.o)

.debug_aranges  0x0000000000000000     0x1258
 .debug_aranges
                0x0000000000000000       0xb0 build/main.o
 .debug_aranges
                0x00000000000000b0       0x88 build/stm32l4xx_it.o
 .debug_aranges
                0x0000000000000138       0x58 build/stm32l4xx_hal_msp.o
 .debug_aranges
                0x0000000000000190       0x28 build/system_stm32l4xx.o
 .debug_aranges
                0x00000000000001b8      0x130 build/stm32l4xx_hal.o
 .debug_aranges
                0x00000000000002e8      0x138 build/stm32l4xx_hal_can.o
 .debug_aranges
                0x0000000000000420       0xb8 build/stm32l4xx_hal_cortex.o
 .debug_aranges
                0x00000000000004d8       0x80 build/stm32l4xx_hal_dma.o
 .debug_aranges
                0x0000000000000558       0x58 build/stm32l4xx_hal_gpio.o
 .debug_aranges
                0x00000000000005b0      0x100 build/stm32l4xx_hal_pwr_ex.o
 .debug_aranges
                0x00000000000006b0       0x90 build/stm32l4xx_hal_rcc.o
 .debug_aranges
                0x0000000000000740       0xf0 build/stm32l4xx_hal_rcc_ex.o
 .debug_aranges
                0x0000000000000830      0x3e0 build/stm32l4xx_hal_tim.o
 .debug_aranges
                0x0000000000000c10      0x180 build/stm32l4xx_hal_tim_ex.o
 .debug_aranges
                0x0000000000000d90      0x228 build/stm32l4xx_hal_uart.o
 .debug_aranges
                0x0000000000000fb8       0x28 build/startup_stm32l431cbtx.o
 .debug_aranges
                0x0000000000000fe0       0x18 /usr/lib/gcc/arm-none-eabi/10.3.1/../../../arm-none-eabi/lib/thumb/v7e-m/nofp/libc_nano.a(lib_a-impure.o)
 .debug_aranges
                0x0000000000000ff8       0x20 /usr/lib/gcc/arm-none-eabi/10.3.1/../../../arm-none-eabi/lib/thumb/v7e-m/nofp/libc_nano.a(lib_a-init.o)
 .debug_aranges
                0x0000000000001018       0x20 /usr/lib/gcc/arm-none-eabi/10.3.1/../../../arm-none-eabi/lib/thumb/v7e-m/nofp/libc_nano.a(lib_a-memset.o)
 .debug_aranges
                0x0000000000001038       0x20 /usr/lib/gcc/arm-none-eabi/10.3.1/../../../arm-none-eabi/lib/thumb/v7e-m/nofp/libc_nano.a(lib_a-snprintf.o)
 .debug_aranges
                0x0000000000001058       0x20 /usr/lib/gcc/arm-none-eabi/10.3.1/../../../arm-none-eabi/lib/thumb/v7e-m/nofp/libc_nano.a(lib_a-nano-svfprintf.o)
 .debug_aranges
                0x0000000000001078       0x20 /usr/lib/gcc/arm-none-eabi/10.3.1/../../../arm-none-eabi/lib/thumb/v7e-m/nofp/libc_nano.a(lib_a-nano-vfprintf_i.o)
 .debug_aranges
                0x0000000000001098       0x20 /usr/lib/gcc/arm-none-eabi/10.3.1/../../../arm-none-eabi/lib/thumb/v7e-m/nofp/libc_nano.a(lib_a-memchr.o)
 .debug_aranges
                0x00000000000010b8       0x20 /usr/lib/gcc/arm-none-eabi/10.3.1/../../../arm-none-eabi/lib/thumb/v7e-m/nofp/libc_nano.a(lib_a-memcpy.o)
 .debug_aranges
                0x00000000000010d8       0x20 /usr/lib/gcc/arm-none-eabi/10.3.1/../../../arm-none-eabi/lib/thumb/v7e-m/nofp/libc_nano.a(lib_a-memmove.o)
 .debug_aranges
                0x00000000000010f8       0x20 /usr/lib/gcc/arm-none-eabi/10.3.1/../../../arm-none-eabi/lib/thumb/v7e-m/nofp/libc_nano.a(lib_a-nano-freer.o)
 .debug_aranges
                0x0000000000001118       0x20 /usr/lib/gcc/arm-none-eabi/10.3.1/../../../arm-none-eabi/lib/thumb/v7e-m/nofp/libc_nano.a(lib_a-nano-mallocr.o)
 .debug_aranges
                0x0000000000001138       0x20 /usr/lib/gcc/arm-none-eabi/10.3.1/../../../arm-none-eabi/lib/thumb/v7e-m/nofp/libc_nano.a(lib_a-nano-reallocr.o)
 .debug_aranges
                0x0000000000001158       0x20 /usr/lib/gcc/arm-none-eabi/10.3.1/../../../arm-none-eabi/lib/thumb/v7e-m/nofp/libc_nano.a(lib_a-sbrkr.o)
 .debug_aranges
                0x0000000000001178       0x20 /usr/lib/gcc/arm-none-eabi/10.3.1/../../../arm-none-eabi/lib/thumb/v7e-m/nofp/libc_nano.a(lib_a-mlock.o)
 .debug_aranges
                0x0000000000001198       0x20 /usr/lib/gcc/arm-none-eabi/10.3.1/../../../arm-none-eabi/lib/thumb/v7e-m/nofp/libc_nano.a(lib_a-nano-msizer.o)
 .debug_aranges
                0x00000000000011b8       0x20 /usr/lib/gcc/arm-none-eabi/10.3.1/../../../arm-none-eabi/lib/thumb/v7e-m/nofp/libc_nano.a(lib_a-reent.o)
 .debug_aranges
                0x00000000000011d8       0x20 /usr/lib/gcc/arm-none-eabi/10.3.1/../../../arm-none-eabi/lib/thumb/v7e-m/nofp/libnosys.a(sbrk.o)
 .debug_aranges
                0x00000000000011f8       0x20 /usr/lib/gcc/arm-none-eabi/10.3.1/thumb/v7e-m/nofp/libgcc.a(_aeabi_uldivmod.o)
 .debug_aranges
                0x0000000000001218       0x20 /usr/lib/gcc/arm-none-eabi/10.3.1/thumb/v7e-m/nofp/libgcc.a(_udivmoddi4.o)
 .debug_aranges
                0x0000000000001238       0x20 /usr/lib/gcc/arm-none-eabi/10.3.1/thumb/v7e-m/nofp/libgcc.a(_dvmd_tls.o)

.debug_ranges   0x0000000000000000     0x13a8
 .debug_ranges  0x0000000000000000      0x288 build/main.o
 .debug_ranges  0x0000000000000288       0x78 build/stm32l4xx_it.o
 .debug_ranges  0x0000000000000300       0x48 build/stm32l4xx_hal_msp.o
 .debug_ranges  0x0000000000000348       0x18 build/system_stm32l4xx.o
 .debug_ranges  0x0000000000000360      0x120 build/stm32l4xx_hal.o
 .debug_ranges  0x0000000000000480      0x140 build/stm32l4xx_hal_can.o
 .debug_ranges  0x00000000000005c0      0x108 build/stm32l4xx_hal_cortex.o
 .debug_ranges  0x00000000000006c8       0x70 build/stm32l4xx_hal_dma.o
 .debug_ranges  0x0000000000000738       0x48 build/stm32l4xx_hal_gpio.o
 .debug_ranges  0x0000000000000780       0xf0 build/stm32l4xx_hal_pwr_ex.o
 .debug_ranges  0x0000000000000870       0x98 build/stm32l4xx_hal_rcc.o
 .debug_ranges  0x0000000000000908       0xf8 build/stm32l4xx_hal_rcc_ex.o
 .debug_ranges  0x0000000000000a00      0x3d0 build/stm32l4xx_hal_tim.o
 .debug_ranges  0x0000000000000dd0      0x170 build/stm32l4xx_hal_tim_ex.o
 .debug_ranges  0x0000000000000f40      0x230 build/stm32l4xx_hal_uart.o
 .debug_ranges  0x0000000000001170       0x20 build/startup_stm32l431cbtx.o
 .debug_ranges  0x0000000000001190       0x40 /usr/lib/gcc/arm-none-eabi/10.3.1/../../../arm-none-eabi/lib/thumb/v7e-m/nofp/libc_nano.a(lib_a-nano-svfprintf.o)
 .debug_ranges  0x00000000000011d0       0xa0 /usr/lib/gcc/arm-none-eabi/10.3.1/../../../arm-none-eabi/lib/thumb/v7e-m/nofp/libc_nano.a(lib_a-nano-vfprintf_i.o)
 .debug_ranges  0x0000000000001270       0x18 /usr/lib/gcc/arm-none-eabi/10.3.1/../../../arm-none-eabi/lib/thumb/v7e-m/nofp/libc_nano.a(lib_a-nano-freer.o)
 .debug_ranges  0x0000000000001288       0x38 /usr/lib/gcc/arm-none-eabi/10.3.1/../../../arm-none-eabi/lib/thumb/v7e-m/nofp/libc_nano.a(lib_a-nano-mallocr.o)
 .debug_ranges  0x00000000000012c0       0xe8 /usr/lib/gcc/arm-none-eabi/10.3.1/thumb/v7e-m/nofp/libgcc.a(_udivmoddi4.o)

.debug_line     0x0000000000000000    0x1617e
 .debug_line    0x0000000000000000     0x1237 build/main.o
 .debug_line    0x0000000000001237      0x2d1 build/stm32l4xx_it.o
 .debug_line    0x0000000000001508      0x46c build/stm32l4xx_hal_msp.o
 .debug_line    0x0000000000001974      0x215 build/system_stm32l4xx.o
 .debug_line    0x0000000000001b89      0x61f build/stm32l4xx_hal.o
 .debug_line    0x00000000000021a8     0x108a build/stm32l4xx_hal_can.o
 .debug_line    0x0000000000003232      0x715 build/stm32l4xx_hal_cortex.o
 .debug_line    0x0000000000003947      0x9a5 build/stm32l4xx_hal_dma.o
 .debug_line    0x00000000000042ec      0x5ff build/stm32l4xx_hal_gpio.o
 .debug_line    0x00000000000048eb      0x818 build/stm32l4xx_hal_pwr_ex.o
 .debug_line    0x0000000000005103      0xede build/stm32l4xx_hal_rcc.o
 .debug_line    0x0000000000005fe1     0x12fb build/stm32l4xx_hal_rcc_ex.o
 .debug_line    0x00000000000072dc     0x4ff6 build/stm32l4xx_hal_tim.o
 .debug_line    0x000000000000c2d2     0x1dc1 build/stm32l4xx_hal_tim_ex.o
 .debug_line    0x000000000000e093     0x510e build/stm32l4xx_hal_uart.o
 .debug_line    0x00000000000131a1       0x85 build/startup_stm32l431cbtx.o
 .debug_line    0x0000000000013226       0xe4 /usr/lib/gcc/arm-none-eabi/10.3.1/../../../arm-none-eabi/lib/thumb/v7e-m/nofp/libc_nano.a(lib_a-impure.o)
 .debug_line    0x000000000001330a      0x138 /usr/lib/gcc/arm-none-eabi/10.3.1/../../../arm-none-eabi/lib/thumb/v7e-m/nofp/libc_nano.a(lib_a-init.o)
 .debug_line    0x0000000000013442      0x1bf /usr/lib/gcc/arm-none-eabi/10.3.1/../../../arm-none-eabi/lib/thumb/v7e-m/nofp/libc_nano.a(lib_a-memset.o)
 .debug_line    0x0000000000013601      0x37e /usr/lib/gcc/arm-none-eabi/10.3.1/../../../arm-none-eabi/lib/thumb/v7e-m/nofp/libc_nano.a(lib_a-snprintf.o)
 .debug_line    0x000000000001397f      0x835 /usr/lib/gcc/arm-none-eabi/10.3.1/../../../arm-none-eabi/lib/thumb/v7e-m/nofp/libc_nano.a(lib_a-nano-svfprintf.o)
 .debug_line    0x00000000000141b4      0x750 /usr/lib/gcc/arm-none-eabi/10.3.1/../../../arm-none-eabi/lib/thumb/v7e-m/nofp/libc_nano.a(lib_a-nano-vfprintf_i.o)
 .debug_line    0x0000000000014904       0xa4 /usr/lib/gcc/arm-none-eabi/10.3.1/../../../arm-none-eabi/lib/thumb/v7e-m/nofp/libc_nano.a(lib_a-memchr.o)
 .debug_line    0x00000000000149a8       0xbe /usr/lib/gcc/arm-none-eabi/10.3.1/../../../arm-none-eabi/lib/thumb/v7e-m/nofp/libc_nano.a(lib_a-memcpy.o)
 .debug_line    0x0000000000014a66      0x1ee /usr/lib/gcc/arm-none-eabi/10.3.1/../../../arm-none-eabi/lib/thumb/v7e-m/nofp/libc_nano.a(lib_a-memmove.o)
 .debug_line    0x0000000000014c54      0x2c0 /usr/lib/gcc/arm-none-eabi/10.3.1/../../../arm-none-eabi/lib/thumb/v7e-m/nofp/libc_nano.a(lib_a-nano-freer.o)
 .debug_line    0x0000000000014f14      0x2d0 /usr/lib/gcc/arm-none-eabi/10.3.1/../../../arm-none-eabi/lib/thumb/v7e-m/nofp/libc_nano.a(lib_a-nano-mallocr.o)
 .debug_line    0x00000000000151e4      0x1c5 /usr/lib/gcc/arm-none-eabi/10.3.1/../../../arm-none-eabi/lib/thumb/v7e-m/nofp/libc_nano.a(lib_a-nano-reallocr.o)
 .debug_line    0x00000000000153a9      0x183 /usr/lib/gcc/arm-none-eabi/10.3.1/../../../arm-none-eabi/lib/thumb/v7e-m/nofp/libc_nano.a(lib_a-sbrkr.o)
 .debug_line    0x000000000001552c      0x13e /usr/lib/gcc/arm-none-eabi/10.3.1/../../../arm-none-eabi/lib/thumb/v7e-m/nofp/libc_nano.a(lib_a-mlock.o)
 .debug_line    0x000000000001566a      0x160 /usr/lib/gcc/arm-none-eabi/10.3.1/../../../arm-none-eabi/lib/thumb/v7e-m/nofp/libc_nano.a(lib_a-nano-msizer.o)
 .debug_line    0x00000000000157ca      0x2c7 /usr/lib/gcc/arm-none-eabi/10.3.1/../../../arm-none-eabi/lib/thumb/v7e-m/nofp/libc_nano.a(lib_a-reent.o)
 .debug_line    0x0000000000015a91       0x79 /usr/lib/gcc/arm-none-eabi/10.3.1/../../../arm-none-eabi/lib/thumb/v7e-m/nofp/libnosys.a(sbrk.o)
 .debug_line    0x0000000000015b0a       0x60 /usr/lib/gcc/arm-none-eabi/10.3.1/thumb/v7e-m/nofp/libgcc.a(_aeabi_uldivmod.o)
 .debug_line    0x0000000000015b6a      0x5b4 /usr/lib/gcc/arm-none-eabi/10.3.1/thumb/v7e-m/nofp/libgcc.a(_udivmoddi4.o)
 .debug_line    0x000000000001611e       0x60 /usr/lib/gcc/arm-none-eabi/10.3.1/thumb/v7e-m/nofp/libgcc.a(_dvmd_tls.o)

.debug_str      0x0000000000000000     0x6820
 .debug_str     0x0000000000000000     0x17f7 build/main.o
                                       0x191d (size before relaxing)
 .debug_str     0x00000000000017f7      0x142 build/stm32l4xx_it.o
                                        0x70c (size before relaxing)
 .debug_str     0x0000000000001939      0x2ce build/stm32l4xx_hal_msp.o
                                       0x13fe (size before relaxing)
 .debug_str     0x0000000000001c07       0x9b build/system_stm32l4xx.o
                                        0x357 (size before relaxing)
 .debug_str     0x0000000000001ca2      0x499 build/stm32l4xx_hal.o
                                        0xbef (size before relaxing)
 .debug_str     0x000000000000213b      0x3cd build/stm32l4xx_hal_can.o
                                        0xa04 (size before relaxing)
 .debug_str     0x0000000000002508      0x4a6 build/stm32l4xx_hal_cortex.o
                                        0xb34 (size before relaxing)
 .debug_str     0x00000000000029ae      0x235 build/stm32l4xx_hal_dma.o
                                        0x624 (size before relaxing)
 .debug_str     0x0000000000002be3      0x109 build/stm32l4xx_hal_gpio.o
                                        0x514 (size before relaxing)
 .debug_str     0x0000000000002cec      0x434 build/stm32l4xx_hal_pwr_ex.o
                                        0x6fd (size before relaxing)
 .debug_str     0x0000000000003120      0x21a build/stm32l4xx_hal_rcc.o
                                        0x81d (size before relaxing)
 .debug_str     0x000000000000333a      0x475 build/stm32l4xx_hal_rcc_ex.o
                                        0xb60 (size before relaxing)
 .debug_str     0x00000000000037af      0xe39 build/stm32l4xx_hal_tim.o
                                       0x16b9 (size before relaxing)
 .debug_str     0x00000000000045e8      0x5c1 build/stm32l4xx_hal_tim_ex.o
                                        0xfb2 (size before relaxing)
 .debug_str     0x0000000000004ba9      0x787 build/stm32l4xx_hal_uart.o
                                        0xfd0 (size before relaxing)
 .debug_str     0x0000000000005330       0x31 build/startup_stm32l431cbtx.o
                                         0x5d (size before relaxing)
 .debug_str     0x0000000000005361      0x467 /usr/lib/gcc/arm-none-eabi/10.3.1/../../../arm-none-eabi/lib/thumb/v7e-m/nofp/libc_nano.a(lib_a-impure.o)
                                        0x558 (size before relaxing)
 .debug_str     0x00000000000057c8       0xf3 /usr/lib/gcc/arm-none-eabi/10.3.1/../../../arm-none-eabi/lib/thumb/v7e-m/nofp/libc_nano.a(lib_a-init.o)
                                        0x205 (size before relaxing)
 .debug_str     0x00000000000058bb       0xa7 /usr/lib/gcc/arm-none-eabi/10.3.1/../../../arm-none-eabi/lib/thumb/v7e-m/nofp/libc_nano.a(lib_a-memset.o)
                                        0x1ba (size before relaxing)
 .debug_str     0x0000000000005962       0xca /usr/lib/gcc/arm-none-eabi/10.3.1/../../../arm-none-eabi/lib/thumb/v7e-m/nofp/libc_nano.a(lib_a-snprintf.o)
                                        0x555 (size before relaxing)
 .debug_str     0x0000000000005a2c      0x295 /usr/lib/gcc/arm-none-eabi/10.3.1/../../../arm-none-eabi/lib/thumb/v7e-m/nofp/libc_nano.a(lib_a-nano-svfprintf.o)
                                        0x84f (size before relaxing)
 .debug_str     0x0000000000005cc1       0x94 /usr/lib/gcc/arm-none-eabi/10.3.1/../../../arm-none-eabi/lib/thumb/v7e-m/nofp/libc_nano.a(lib_a-nano-vfprintf_i.o)
                                        0x7e6 (size before relaxing)
 .debug_str     0x0000000000005d55       0xac /usr/lib/gcc/arm-none-eabi/10.3.1/../../../arm-none-eabi/lib/thumb/v7e-m/nofp/libc_nano.a(lib_a-memchr.o)
 .debug_str     0x0000000000005e01       0x43 /usr/lib/gcc/arm-none-eabi/10.3.1/../../../arm-none-eabi/lib/thumb/v7e-m/nofp/libc_nano.a(lib_a-memcpy.o)
                                         0xb3 (size before relaxing)
 .debug_str     0x0000000000005e44       0x66 /usr/lib/gcc/arm-none-eabi/10.3.1/../../../arm-none-eabi/lib/thumb/v7e-m/nofp/libc_nano.a(lib_a-memmove.o)
                                        0x1d9 (size before relaxing)
 .debug_str     0x0000000000005eaa      0x113 /usr/lib/gcc/arm-none-eabi/10.3.1/../../../arm-none-eabi/lib/thumb/v7e-m/nofp/libc_nano.a(lib_a-nano-freer.o)
                                        0x58f (size before relaxing)
 .debug_str     0x0000000000005fbd       0x46 /usr/lib/gcc/arm-none-eabi/10.3.1/../../../arm-none-eabi/lib/thumb/v7e-m/nofp/libc_nano.a(lib_a-nano-mallocr.o)
                                        0x5ba (size before relaxing)
 .debug_str     0x0000000000006003       0x23 /usr/lib/gcc/arm-none-eabi/10.3.1/../../../arm-none-eabi/lib/thumb/v7e-m/nofp/libc_nano.a(lib_a-nano-reallocr.o)
                                        0x579 (size before relaxing)
 .debug_str     0x0000000000006026       0x47 /usr/lib/gcc/arm-none-eabi/10.3.1/../../../arm-none-eabi/lib/thumb/v7e-m/nofp/libc_nano.a(lib_a-sbrkr.o)
                                        0x510 (size before relaxing)
 .debug_str     0x000000000000606d       0x4c /usr/lib/gcc/arm-none-eabi/10.3.1/../../../arm-none-eabi/lib/thumb/v7e-m/nofp/libc_nano.a(lib_a-mlock.o)
                                        0x526 (size before relaxing)
 .debug_str     0x00000000000060b9        0xf /usr/lib/gcc/arm-none-eabi/10.3.1/../../../arm-none-eabi/lib/thumb/v7e-m/nofp/libc_nano.a(lib_a-nano-msizer.o)
                                        0x557 (size before relaxing)
 .debug_str     0x00000000000060c8       0x5e /usr/lib/gcc/arm-none-eabi/10.3.1/../../../arm-none-eabi/lib/thumb/v7e-m/nofp/libc_nano.a(lib_a-reent.o)
                                        0x538 (size before relaxing)
 .debug_str     0x0000000000006126       0xf2 /usr/lib/gcc/arm-none-eabi/10.3.1/../../../arm-none-eabi/lib/thumb/v7e-m/nofp/libnosys.a(sbrk.o)
                                        0x10b (size before relaxing)
 .debug_str     0x0000000000006218       0x97 /usr/lib/gcc/arm-none-eabi/10.3.1/thumb/v7e-m/nofp/libgcc.a(_aeabi_uldivmod.o)
                                         0xa3 (size before relaxing)
 .debug_str     0x00000000000062af      0x541 /usr/lib/gcc/arm-none-eabi/10.3.1/thumb/v7e-m/nofp/libgcc.a(_udivmoddi4.o)
                                        0x641 (size before relaxing)
 .debug_str     0x00000000000067f0       0x30 /usr/lib/gcc/arm-none-eabi/10.3.1/thumb/v7e-m/nofp/libgcc.a(_dvmd_tls.o)
                                         0xa7 (size before relaxing)

.debug_frame    0x0000000000000000     0x2d14
 .debug_frame   0x0000000000000000      0x20c build/main.o
 .debug_frame   0x000000000000020c      0x120 build/stm32l4xx_it.o
 .debug_frame   0x000000000000032c       0xf4 build/stm32l4xx_hal_msp.o
 .debug_frame   0x0000000000000420       0x30 build/system_stm32l4xx.o
 .debug_frame   0x0000000000000450      0x274 build/stm32l4xx_hal.o
 .debug_frame   0x00000000000006c4      0x2d4 build/stm32l4xx_hal_can.o
 .debug_frame   0x0000000000000998      0x168 build/stm32l4xx_hal_cortex.o
 .debug_frame   0x0000000000000b00      0x14c build/stm32l4xx_hal_dma.o
 .debug_frame   0x0000000000000c4c       0xd0 build/stm32l4xx_hal_gpio.o
 .debug_frame   0x0000000000000d1c      0x1f8 build/stm32l4xx_hal_pwr_ex.o
 .debug_frame   0x0000000000000f14      0x19c build/stm32l4xx_hal_rcc.o
 .debug_frame   0x00000000000010b0      0x248 build/stm32l4xx_hal_rcc_ex.o
 .debug_frame   0x00000000000012f8      0xb50 build/stm32l4xx_hal_tim.o
 .debug_frame   0x0000000000001e48      0x474 build/stm32l4xx_hal_tim_ex.o
 .debug_frame   0x00000000000022bc      0x600 build/stm32l4xx_hal_uart.o
 .debug_frame   0x00000000000028bc       0x2c /usr/lib/gcc/arm-none-eabi/10.3.1/../../../arm-none-eabi/lib/thumb/v7e-m/nofp/libc_nano.a(lib_a-init.o)
 .debug_frame   0x00000000000028e8       0x2c /usr/lib/gcc/arm-none-eabi/10.3.1/../../../arm-none-eabi/lib/thumb/v7e-m/nofp/libc_nano.a(lib_a-memset.o)
 .debug_frame   0x0000000000002914       0x94 /usr/lib/gcc/arm-none-eabi/10.3.1/../../../arm-none-eabi/lib/thumb/v7e-m/nofp/libc_nano.a(lib_a-snprintf.o)
 .debug_frame   0x00000000000029a8       0x98 /usr/lib/gcc/arm-none-eabi/10.3.1/../../../arm-none-eabi/lib/thumb/v7e-m/nofp/libc_nano.a(lib_a-nano-svfprintf.o)
 .debug_frame   0x0000000000002a40       0x68 /usr/lib/gcc/arm-none-eabi/10.3.1/../../../arm-none-eabi/lib/thumb/v7e-m/nofp/libc_nano.a(lib_a-nano-vfprintf_i.o)
 .debug_frame   0x0000000000002aa8       0x40 /usr/lib/gcc/arm-none-eabi/10.3.1/../../../arm-none-eabi/lib/thumb/v7e-m/nofp/libc_nano.a(lib_a-memmove.o)
 .debug_frame   0x0000000000002ae8       0x58 /usr/lib/gcc/arm-none-eabi/10.3.1/../../../arm-none-eabi/lib/thumb/v7e-m/nofp/libc_nano.a(lib_a-nano-freer.o)
 .debug_frame   0x0000000000002b40       0x30 /usr/lib/gcc/arm-none-eabi/10.3.1/../../../arm-none-eabi/lib/thumb/v7e-m/nofp/libc_nano.a(lib_a-nano-mallocr.o)
 .debug_frame   0x0000000000002b70       0x38 /usr/lib/gcc/arm-none-eabi/10.3.1/../../../arm-none-eabi/lib/thumb/v7e-m/nofp/libc_nano.a(lib_a-nano-reallocr.o)
 .debug_frame   0x0000000000002ba8       0x2c /usr/lib/gcc/arm-none-eabi/10.3.1/../../../arm-none-eabi/lib/thumb/v7e-m/nofp/libc_nano.a(lib_a-sbrkr.o)
 .debug_frame   0x0000000000002bd4       0x30 /usr/lib/gcc/arm-none-eabi/10.3.1/../../../arm-none-eabi/lib/thumb/v7e-m/nofp/libc_nano.a(lib_a-mlock.o)
 .debug_frame   0x0000000000002c04       0x20 /usr/lib/gcc/arm-none-eabi/10.3.1/../../../arm-none-eabi/lib/thumb/v7e-m/nofp/libc_nano.a(lib_a-nano-msizer.o)
 .debug_frame   0x0000000000002c24       0x70 /usr/lib/gcc/arm-none-eabi/10.3.1/../../../arm-none-eabi/lib/thumb/v7e-m/nofp/libc_nano.a(lib_a-reent.o)
 .debug_frame   0x0000000000002c94       0x20 /usr/lib/gcc/arm-none-eabi/10.3.1/../../../arm-none-eabi/lib/thumb/v7e-m/nofp/libnosys.a(sbrk.o)
 .debug_frame   0x0000000000002cb4       0x2c /usr/lib/gcc/arm-none-eabi/10.3.1/thumb/v7e-m/nofp/libgcc.a(_aeabi_uldivmod.o)
 .debug_frame   0x0000000000002ce0       0x34 /usr/lib/gcc/arm-none-eabi/10.3.1/thumb/v7e-m/nofp/libgcc.a(_udivmoddi4.o)

Cross Reference Table

Symbol                                            File
ADC1_IRQHandler                                   build/startup_stm32l431cbtx.o
AHBPrescTable                                     build/system_stm32l4xx.o
                                                  build/stm32l4xx_hal_rcc.o
APBPrescTable                                     build/system_stm32l4xx.o
                                                  build/stm32l4xx_hal_rcc.o
BPS_Strobe                                        build/main.o
BusFault_Handler                                  build/stm32l4xx_it.o
CAN1_RX0_IRQHandler                               build/stm32l4xx_it.o
CAN1_RX1_IRQHandler                               build/stm32l4xx_it.o
CAN1_SCE_IRQHandler                               build/stm32l4xx_it.o
CAN1_TX_IRQHandler                                build/stm32l4xx_it.o
COMP_IRQHandler                                   build/startup_stm32l431cbtx.o
CRS_IRQHandler                                    build/startup_stm32l431cbtx.o
DMA1_Channel1_IRQHandler                          build/startup_stm32l431cbtx.o
DMA1_Channel2_IRQHandler                          build/startup_stm32l431cbtx.o
DMA1_Channel3_IRQHandler                          build/stm32l4xx_it.o
DMA1_Channel4_IRQHandler                          build/startup_stm32l431cbtx.o
DMA1_Channel5_IRQHandler                          build/startup_stm32l431cbtx.o
DMA1_Channel6_IRQHandler                          build/startup_stm32l431cbtx.o
DMA1_Channel7_IRQHandler                          build/startup_stm32l431cbtx.o
DMA2_Channel1_IRQHandler                          build/startup_stm32l431cbtx.o
DMA2_Channel2_IRQHandler                          build/startup_stm32l431cbtx.o
DMA2_Channel3_IRQHandler                          build/startup_stm32l431cbtx.o
DMA2_Channel4_IRQHandler                          build/startup_stm32l431cbtx.o
DMA2_Channel5_IRQHandler                          build/startup_stm32l431cbtx.o
DMA2_Channel6_IRQHandler                          build/startup_stm32l431cbtx.o
DMA2_Channel7_IRQHandler                          build/startup_stm32l431cbtx.o
DebugMon_Handler                                  build/stm32l4xx_it.o
Default_Handler                                   build/startup_stm32l431cbtx.o
EXTI0_IRQHandler                                  build/startup_stm32l431cbtx.o
EXTI15_10_IRQHandler                              build/startup_stm32l431cbtx.o
EXTI1_IRQHandler                                  build/startup_stm32l431cbtx.o
EXTI2_IRQHandler                                  build/startup_stm32l431cbtx.o
EXTI3_IRQHandler                                  build/startup_stm32l431cbtx.o
EXTI4_IRQHandler                                  build/startup_stm32l431cbtx.o
EXTI9_5_IRQHandler                                build/startup_stm32l431cbtx.o
Error_Handler                                     build/main.o
                                                  build/stm32l4xx_hal_msp.o
FLASH_FlushCaches                                 build/stm32l4xx_hal_flash_ex.o
                                                  build/stm32l4xx_hal_flash.o
FLASH_IRQHandler                                  build/startup_stm32l431cbtx.o
FLASH_PageErase                                   build/stm32l4xx_hal_flash_ex.o
                                                  build/stm32l4xx_hal_flash.o
FLASH_WaitForLastOperation                        build/stm32l4xx_hal_flash.o
                                                  build/stm32l4xx_hal_flash_ex.o
FPU_IRQHandler                                    build/startup_stm32l431cbtx.o
HAL_CAN_AbortTxRequest                            build/stm32l4xx_hal_can.o
HAL_CAN_ActivateNotification                      build/stm32l4xx_hal_can.o
                                                  build/main.o
HAL_CAN_AddTxMessage                              build/stm32l4xx_hal_can.o
HAL_CAN_ConfigFilter                              build/stm32l4xx_hal_can.o
                                                  build/main.o
HAL_CAN_DeInit                                    build/stm32l4xx_hal_can.o
HAL_CAN_DeactivateNotification                    build/stm32l4xx_hal_can.o
HAL_CAN_ErrorCallback                             build/stm32l4xx_hal_can.o
HAL_CAN_GetError                                  build/stm32l4xx_hal_can.o
HAL_CAN_GetRxFifoFillLevel                        build/stm32l4xx_hal_can.o
HAL_CAN_GetRxMessage                              build/stm32l4xx_hal_can.o
                                                  build/main.o
HAL_CAN_GetState                                  build/stm32l4xx_hal_can.o
HAL_CAN_GetTxMailboxesFreeLevel                   build/stm32l4xx_hal_can.o
HAL_CAN_GetTxTimestamp                            build/stm32l4xx_hal_can.o
HAL_CAN_IRQHandler                                build/stm32l4xx_hal_can.o
                                                  build/stm32l4xx_it.o
HAL_CAN_Init                                      build/stm32l4xx_hal_can.o
                                                  build/main.o
HAL_CAN_IsSleepActive                             build/stm32l4xx_hal_can.o
HAL_CAN_IsTxMessagePending                        build/stm32l4xx_hal_can.o
HAL_CAN_MspDeInit                                 build/stm32l4xx_hal_msp.o
HAL_CAN_MspInit                                   build/stm32l4xx_hal_msp.o
HAL_CAN_RequestSleep                              build/stm32l4xx_hal_can.o
HAL_CAN_ResetError                                build/stm32l4xx_hal_can.o
HAL_CAN_RxFifo0FullCallback                       build/stm32l4xx_hal_can.o
HAL_CAN_RxFifo0MsgPendingCallback                 build/main.o
HAL_CAN_RxFifo1FullCallback                       build/stm32l4xx_hal_can.o
HAL_CAN_RxFifo1MsgPendingCallback                 build/stm32l4xx_hal_can.o
HAL_CAN_SleepCallback                             build/stm32l4xx_hal_can.o
HAL_CAN_Start                                     build/stm32l4xx_hal_can.o
                                                  build/main.o
HAL_CAN_Stop                                      build/stm32l4xx_hal_can.o
HAL_CAN_TxMailbox0AbortCallback                   build/stm32l4xx_hal_can.o
HAL_CAN_TxMailbox0CompleteCallback                build/stm32l4xx_hal_can.o
HAL_CAN_TxMailbox1AbortCallback                   build/stm32l4xx_hal_can.o
HAL_CAN_TxMailbox1CompleteCallback                build/stm32l4xx_hal_can.o
HAL_CAN_TxMailbox2AbortCallback                   build/stm32l4xx_hal_can.o
HAL_CAN_TxMailbox2CompleteCallback                build/stm32l4xx_hal_can.o
HAL_CAN_WakeUp                                    build/stm32l4xx_hal_can.o
HAL_CAN_WakeUpFromRxMsgCallback                   build/stm32l4xx_hal_can.o
HAL_DBGMCU_DisableDBGSleepMode                    build/stm32l4xx_hal.o
HAL_DBGMCU_DisableDBGStandbyMode                  build/stm32l4xx_hal.o
HAL_DBGMCU_DisableDBGStopMode                     build/stm32l4xx_hal.o
HAL_DBGMCU_EnableDBGSleepMode                     build/stm32l4xx_hal.o
HAL_DBGMCU_EnableDBGStandbyMode                   build/stm32l4xx_hal.o
HAL_DBGMCU_EnableDBGStopMode                      build/stm32l4xx_hal.o
HAL_DMA_Abort                                     build/stm32l4xx_hal_dma.o
                                                  build/stm32l4xx_hal_uart.o
HAL_DMA_Abort_IT                                  build/stm32l4xx_hal_dma.o
                                                  build/stm32l4xx_hal_uart.o
                                                  build/stm32l4xx_hal_tim_ex.o
                                                  build/stm32l4xx_hal_tim.o
HAL_DMA_DeInit                                    build/stm32l4xx_hal_dma.o
                                                  build/stm32l4xx_hal_msp.o
HAL_DMA_GetError                                  build/stm32l4xx_hal_dma.o
                                                  build/stm32l4xx_hal_uart.o
HAL_DMA_GetState                                  build/stm32l4xx_hal_dma.o
HAL_DMA_IRQHandler                                build/stm32l4xx_hal_dma.o
                                                  build/stm32l4xx_it.o
HAL_DMA_Init                                      build/stm32l4xx_hal_dma.o
                                                  build/stm32l4xx_hal_msp.o
HAL_DMA_PollForTransfer                           build/stm32l4xx_hal_dma.o
HAL_DMA_RegisterCallback                          build/stm32l4xx_hal_dma.o
HAL_DMA_Start                                     build/stm32l4xx_hal_dma.o
HAL_DMA_Start_IT                                  build/stm32l4xx_hal_dma.o
                                                  build/stm32l4xx_hal_uart.o
                                                  build/stm32l4xx_hal_tim_ex.o
                                                  build/stm32l4xx_hal_tim.o
HAL_DMA_UnRegisterCallback                        build/stm32l4xx_hal_dma.o
HAL_DeInit                                        build/stm32l4xx_hal.o
HAL_Delay                                         build/stm32l4xx_hal.o
                                                  build/main.o
HAL_EXTI_ClearConfigLine                          build/stm32l4xx_hal_exti.o
HAL_EXTI_ClearPending                             build/stm32l4xx_hal_exti.o
HAL_EXTI_GenerateSWI                              build/stm32l4xx_hal_exti.o
HAL_EXTI_GetConfigLine                            build/stm32l4xx_hal_exti.o
HAL_EXTI_GetHandle                                build/stm32l4xx_hal_exti.o
HAL_EXTI_GetPending                               build/stm32l4xx_hal_exti.o
HAL_EXTI_IRQHandler                               build/stm32l4xx_hal_exti.o
HAL_EXTI_RegisterCallback                         build/stm32l4xx_hal_exti.o
HAL_EXTI_SetConfigLine                            build/stm32l4xx_hal_exti.o
HAL_FLASHEx_DisableRunPowerDown                   build/stm32l4xx_hal_flash_ramfunc.o
HAL_FLASHEx_EnableRunPowerDown                    build/stm32l4xx_hal_flash_ramfunc.o
HAL_FLASHEx_Erase                                 build/stm32l4xx_hal_flash_ex.o
HAL_FLASHEx_Erase_IT                              build/stm32l4xx_hal_flash_ex.o
HAL_FLASHEx_OBGetConfig                           build/stm32l4xx_hal_flash_ex.o
HAL_FLASHEx_OBProgram                             build/stm32l4xx_hal_flash_ex.o
HAL_FLASH_EndOfOperationCallback                  build/stm32l4xx_hal_flash.o
HAL_FLASH_GetError                                build/stm32l4xx_hal_flash.o
HAL_FLASH_IRQHandler                              build/stm32l4xx_hal_flash.o
HAL_FLASH_Lock                                    build/stm32l4xx_hal_flash.o
HAL_FLASH_OB_Launch                               build/stm32l4xx_hal_flash.o
HAL_FLASH_OB_Lock                                 build/stm32l4xx_hal_flash.o
HAL_FLASH_OB_Unlock                               build/stm32l4xx_hal_flash.o
HAL_FLASH_OperationErrorCallback                  build/stm32l4xx_hal_flash.o
HAL_FLASH_Program                                 build/stm32l4xx_hal_flash.o
HAL_FLASH_Program_IT                              build/stm32l4xx_hal_flash.o
HAL_FLASH_Unlock                                  build/stm32l4xx_hal_flash.o
HAL_GPIO_DeInit                                   build/stm32l4xx_hal_gpio.o
                                                  build/stm32l4xx_hal_msp.o
HAL_GPIO_EXTI_Callback                            build/stm32l4xx_hal_gpio.o
HAL_GPIO_EXTI_IRQHandler                          build/stm32l4xx_hal_gpio.o
HAL_GPIO_Init                                     build/stm32l4xx_hal_gpio.o
                                                  build/stm32l4xx_hal_rcc_ex.o
                                                  build/stm32l4xx_hal_rcc.o
                                                  build/stm32l4xx_hal_msp.o
                                                  build/main.o
HAL_GPIO_LockPin                                  build/stm32l4xx_hal_gpio.o
HAL_GPIO_ReadPin                                  build/stm32l4xx_hal_gpio.o
HAL_GPIO_TogglePin                                build/stm32l4xx_hal_gpio.o
                                                  build/main.o
HAL_GPIO_WritePin                                 build/stm32l4xx_hal_gpio.o
                                                  build/main.o
HAL_GetDEVID                                      build/stm32l4xx_hal.o
HAL_GetHalVersion                                 build/stm32l4xx_hal.o
HAL_GetREVID                                      build/stm32l4xx_hal.o
HAL_GetTick                                       build/stm32l4xx_hal.o
                                                  build/stm32l4xx_hal_uart_ex.o
                                                  build/stm32l4xx_hal_uart.o
                                                  build/stm32l4xx_hal_rcc_ex.o
                                                  build/stm32l4xx_hal_rcc.o
                                                  build/stm32l4xx_hal_flash.o
                                                  build/stm32l4xx_hal_dma.o
                                                  build/stm32l4xx_hal_can.o
HAL_GetTickFreq                                   build/stm32l4xx_hal.o
HAL_GetTickPrio                                   build/stm32l4xx_hal.o
HAL_GetUIDw0                                      build/stm32l4xx_hal.o
HAL_GetUIDw1                                      build/stm32l4xx_hal.o
HAL_GetUIDw2                                      build/stm32l4xx_hal.o
HAL_HalfDuplex_EnableReceiver                     build/stm32l4xx_hal_uart.o
HAL_HalfDuplex_EnableTransmitter                  build/stm32l4xx_hal_uart.o
HAL_HalfDuplex_Init                               build/stm32l4xx_hal_uart.o
HAL_IncTick                                       build/stm32l4xx_hal.o
                                                  build/stm32l4xx_it.o
HAL_Init                                          build/stm32l4xx_hal.o
                                                  build/main.o
HAL_InitTick                                      build/stm32l4xx_hal.o
                                                  build/stm32l4xx_hal_rcc.o
HAL_LIN_Init                                      build/stm32l4xx_hal_uart.o
HAL_LIN_SendBreak                                 build/stm32l4xx_hal_uart.o